Archive member included because of file (symbol)

/home/molor/.arduino15/packages/arduino/hardware/sam/1.6.12/variants/arduino_due_x/libsam_sam3x8e_gcc_rel.a(pio.o)
                              /home/molor/.var/app/cc.arduino.IDE2/cache/arduino/sketches/68E868DF008B98E05691A45E7E5F9D25/core/variant.cpp.o (PIO_Configure)
/home/molor/.arduino15/packages/arduino/hardware/sam/1.6.12/variants/arduino_due_x/libsam_sam3x8e_gcc_rel.a(pmc.o)
                              /home/molor/.var/app/cc.arduino.IDE2/cache/arduino/sketches/68E868DF008B98E05691A45E7E5F9D25/core/variant.cpp.o (pmc_enable_periph_clk)
/home/molor/.arduino15/packages/arduino/hardware/sam/1.6.12/variants/arduino_due_x/libsam_sam3x8e_gcc_rel.a(system_sam3xa.o)
                              /home/molor/.var/app/cc.arduino.IDE2/cache/arduino/sketches/68E868DF008B98E05691A45E7E5F9D25/core/variant.cpp.o (SystemInit)
/home/molor/.arduino15/packages/arduino/hardware/sam/1.6.12/variants/arduino_due_x/libsam_sam3x8e_gcc_rel.a(startup_sam3xa.o)
                              (Reset_Handler)
/home/molor/.arduino15/packages/arduino/hardware/sam/1.6.12/variants/arduino_due_x/libsam_sam3x8e_gcc_rel.a(adc.o)
                              /home/molor/.var/app/cc.arduino.IDE2/cache/arduino/sketches/68E868DF008B98E05691A45E7E5F9D25/core/variant.cpp.o (adc_init)
/home/molor/.arduino15/packages/arduino/hardware/sam/1.6.12/variants/arduino_due_x/libsam_sam3x8e_gcc_rel.a(uotghs.o)
                              /home/molor/.arduino15/packages/arduino/hardware/sam/1.6.12/variants/arduino_due_x/libsam_sam3x8e_gcc_rel.a(startup_sam3xa.o) (UOTGHS_Handler)
/home/molor/.var/app/cc.arduino.IDE2/cache/arduino/sketches/68E868DF008B98E05691A45E7E5F9D25/../../cores/arduino_sam_arduino_due_x_7cf5793b9b2481f268e61513d382d7e3/core.a(RingBuffer.cpp.o)
                              /home/molor/.var/app/cc.arduino.IDE2/cache/arduino/sketches/68E868DF008B98E05691A45E7E5F9D25/core/variant.cpp.o (RingBuffer::RingBuffer())
/home/molor/.var/app/cc.arduino.IDE2/cache/arduino/sketches/68E868DF008B98E05691A45E7E5F9D25/../../cores/arduino_sam_arduino_due_x_7cf5793b9b2481f268e61513d382d7e3/core.a(Stream.cpp.o)
                              /home/molor/.var/app/cc.arduino.IDE2/cache/arduino/sketches/68E868DF008B98E05691A45E7E5F9D25/sketch/omni-robot.ino.cpp.o (Stream::readBytes(char*, unsigned int))
/home/molor/.var/app/cc.arduino.IDE2/cache/arduino/sketches/68E868DF008B98E05691A45E7E5F9D25/../../cores/arduino_sam_arduino_due_x_7cf5793b9b2481f268e61513d382d7e3/core.a(UARTClass.cpp.o)
                              /home/molor/.var/app/cc.arduino.IDE2/cache/arduino/sketches/68E868DF008B98E05691A45E7E5F9D25/sketch/omni-robot.ino.cpp.o (UARTClass::available())
/home/molor/.var/app/cc.arduino.IDE2/cache/arduino/sketches/68E868DF008B98E05691A45E7E5F9D25/../../cores/arduino_sam_arduino_due_x_7cf5793b9b2481f268e61513d382d7e3/core.a(USARTClass.cpp.o)
                              /home/molor/.var/app/cc.arduino.IDE2/cache/arduino/sketches/68E868DF008B98E05691A45E7E5F9D25/sketch/omni-robot.ino.cpp.o (USARTClass::begin(unsigned long))
/home/molor/.var/app/cc.arduino.IDE2/cache/arduino/sketches/68E868DF008B98E05691A45E7E5F9D25/../../cores/arduino_sam_arduino_due_x_7cf5793b9b2481f268e61513d382d7e3/core.a(WInterrupts.c.o)
                              /home/molor/.arduino15/packages/arduino/hardware/sam/1.6.12/variants/arduino_due_x/libsam_sam3x8e_gcc_rel.a(startup_sam3xa.o) (PIOA_Handler)
/home/molor/.var/app/cc.arduino.IDE2/cache/arduino/sketches/68E868DF008B98E05691A45E7E5F9D25/../../cores/arduino_sam_arduino_due_x_7cf5793b9b2481f268e61513d382d7e3/core.a(WString.cpp.o)
                              /home/molor/.var/app/cc.arduino.IDE2/cache/arduino/sketches/68E868DF008B98E05691A45E7E5F9D25/../../cores/arduino_sam_arduino_due_x_7cf5793b9b2481f268e61513d382d7e3/core.a(Stream.cpp.o) (String::String(char const*))
/home/molor/.var/app/cc.arduino.IDE2/cache/arduino/sketches/68E868DF008B98E05691A45E7E5F9D25/../../cores/arduino_sam_arduino_due_x_7cf5793b9b2481f268e61513d382d7e3/core.a(abi.cpp.o)
                              /home/molor/.var/app/cc.arduino.IDE2/cache/arduino/sketches/68E868DF008B98E05691A45E7E5F9D25/../../cores/arduino_sam_arduino_due_x_7cf5793b9b2481f268e61513d382d7e3/core.a(UARTClass.cpp.o) (__cxa_pure_virtual)
/home/molor/.var/app/cc.arduino.IDE2/cache/arduino/sketches/68E868DF008B98E05691A45E7E5F9D25/../../cores/arduino_sam_arduino_due_x_7cf5793b9b2481f268e61513d382d7e3/core.a(dtostrf.c.o)
                              /home/molor/.var/app/cc.arduino.IDE2/cache/arduino/sketches/68E868DF008B98E05691A45E7E5F9D25/../../cores/arduino_sam_arduino_due_x_7cf5793b9b2481f268e61513d382d7e3/core.a(WString.cpp.o) (dtostrf)
/home/molor/.var/app/cc.arduino.IDE2/cache/arduino/sketches/68E868DF008B98E05691A45E7E5F9D25/../../cores/arduino_sam_arduino_due_x_7cf5793b9b2481f268e61513d382d7e3/core.a(cortex_handlers.c.o)
[...]
Memory Configuration

Name             Origin             Length             Attributes
rom              0x0000000000080000 0x0000000000080000 xr
sram0            0x0000000020000000 0x0000000000010000 xrw
sram1            0x0000000020080000 0x0000000000008000 xrw
ram              0x0000000020070000 0x0000000000018000 xrw
*default*        0x0000000000000000 0xffffffffffffffff

Linker script and memory map

LOAD /home/molor/.arduino15/packages/arduino/tools/arm-none-eabi-gcc/4.8.3-2014q1/bin/../lib/gcc/arm-none-eabi/4.8.3/armv7-m/crti.o
LOAD /home/molor/.arduino15/packages/arduino/tools/arm-none-eabi-gcc/4.8.3-2014q1/bin/../lib/gcc/arm-none-eabi/4.8.3/armv7-m/crtbegin.o
LOAD /home/molor/.arduino15/packages/arduino/tools/arm-none-eabi-gcc/4.8.3-2014q1/bin/../lib/gcc/arm-none-eabi/4.8.3/../../../../arm-none-eabi/lib/armv7-m/crt0.o
START GROUP
LOAD /home/molor/.var/app/cc.arduino.IDE2/cache/arduino/sketches/68E868DF008B98E05691A45E7E5F9D25/sketch/omni-robot.ino.cpp.o
LOAD /home/molor/.var/app/cc.arduino.IDE2/cache/arduino/sketches/68E868DF008B98E05691A45E7E5F9D25/core/variant.cpp.o
LOAD /home/molor/.arduino15/packages/arduino/hardware/sam/1.6.12/variants/arduino_due_x/libsam_sam3x8e_gcc_rel.a
LOAD /home/molor/.var/app/cc.arduino.IDE2/cache/arduino/sketches/68E868DF008B98E05691A45E7E5F9D25/../../cores/arduino_sam_arduino_due_x_7cf5793b9b2481f268e61513d382d7e3/core.a
END GROUP
LOAD /home/molor/.arduino15/packages/arduino/tools/arm-none-eabi-gcc/4.8.3-2014q1/bin/../lib/gcc/arm-none-eabi/4.8.3/../../../../arm-none-eabi/lib/armv7-m/libm.a
LOAD /home/molor/.arduino15/packages/arduino/tools/arm-none-eabi-gcc/4.8.3-2014q1/bin/../lib/gcc/arm-none-eabi/4.8.3/armv7-m/libgcc.a
START GROUP
LOAD /home/molor/.arduino15/packages/arduino/tools/arm-none-eabi-gcc/4.8.3-2014q1/bin/../lib/gcc/arm-none-eabi/4.8.3/armv7-m/libgcc.a
LOAD /home/molor/.arduino15/packages/arduino/tools/arm-none-eabi-gcc/4.8.3-2014q1/bin/../lib/gcc/arm-none-eabi/4.8.3/../../../../arm-none-eabi/lib/armv7-m/libc.a
END GROUP
LOAD /home/molor/.arduino15/packages/arduino/tools/arm-none-eabi-gcc/4.8.3-2014q1/bin/../lib/gcc/arm-none-eabi/4.8.3/armv7-m/crtend.o
LOAD /home/molor/.arduino15/packages/arduino/tools/arm-none-eabi-gcc/4.8.3-2014q1/bin/../lib/gcc/arm-none-eabi/4.8.3/armv7-m/crtn.o

.text           0x0000000000080000     0x61a4
                0x0000000000080000                . = ALIGN (0x4)
                0x0000000000080000                _sfixed = .
 *(.vectors .vectors.*)
 .vectors       0x0000000000080000       0xf4 /home/molor/.arduino15/packages/arduino/hardware/sam/1.6.12/variants/arduino_due_x/libsam_sam3x8e_gcc_rel.a(startup_sam3xa.o)
                0x0000000000080000                exception_table
 *(.text .text.* .gnu.linkonce.t.*)
 .text          0x00000000000800f4       0x54 /home/molor/.arduino15/packages/arduino/tools/arm-none-eabi-gcc/4.8.3-2014q1/bin/../lib/gcc/arm-none-eabi/4.8.3/armv7-m/crtbegin.o
 .text._Z13setMotorSpeedsi
                0x0000000000080148       0x44 /home/molor/.var/app/cc.arduino.IDE2/cache/arduino/sketches/68E868DF008B98E05691A45E7E5F9D25/sketch/omni-robot.ino.cpp.o
                0x0000000000080148                setMotorSpeed(short, int)
 .text.setup    0x000000000008018c       0x10 /home/molor/.var/app/cc.arduino.IDE2/cache/arduino/sketches/68E868DF008B98E05691A45E7E5F9D25/sketch/omni-robot.ino.cpp.o
                0x000000000008018c                setup
 .text.loop     0x000000000008019c       0x5c /home/molor/.var/app/cc.arduino.IDE2/cache/arduino/sketches/68E868DF008B98E05691A45E7E5F9D25/sketch/omni-robot.ino.cpp.o
                0x000000000008019c                loop
 .text._Z11serialEventv
                0x00000000000801f8        0x2 /home/molor/.var/app/cc.arduino.IDE2/cache/arduino/sketches/68E868DF008B98E05691A45E7E5F9D25/core/variant.cpp.o
                0x00000000000801f8                serialEvent()
 *fill*         0x00000000000801fa        0x2 
 .text.UART_Handler
                0x00000000000801fc        0xc /home/molor/.var/app/cc.arduino.IDE2/cache/arduino/sketches/68E868DF008B98E05691A45E7E5F9D25/core/variant.cpp.o
                0x00000000000801fc                UART_Handler
 .text._Z12serialEvent1v
                0x0000000000080208        0x2 /home/molor/.var/app/cc.arduino.IDE2/cache/arduino/sketches/68E868DF008B98E05691A45E7E5F9D25/core/variant.cpp.o
                0x0000000000080208                serialEvent1()
 .text._Z12serialEvent2v
                0x000000000008020a        0x2 /home/molor/.var/app/cc.arduino.IDE2/cache/arduino/sketches/68E868DF008B98E05691A45E7E5F9D25/core/variant.cpp.o
                0x000000000008020a                serialEvent2()
 .text._Z12serialEvent3v
                0x000000000008020c        0x2 /home/molor/.var/app/cc.arduino.IDE2/cache/arduino/sketches/68E868DF008B98E05691A45E7E5F9D25/core/variant.cpp.o
                0x000000000008020c                serialEvent3()
 *fill*         0x000000000008020e        0x2 
 .text.USART0_Handler
                0x0000000000080210        0xc /home/molor/.var/app/cc.arduino.IDE2/cache/arduino/sketches/68E868DF008B98E05691A45E7E5F9D25/core/variant.cpp.o
                0x0000000000080210                USART0_Handler
 .text.USART1_Handler
                0x000000000008021c        0xc /home/molor/.var/app/cc.arduino.IDE2/cache/arduino/sketches/68E868DF008B98E05691A45E7E5F9D25/core/variant.cpp.o
                0x000000000008021c                USART1_Handler
 .text.USART3_Handler
                0x0000000000080228        0xc /home/molor/.var/app/cc.arduino.IDE2/cache/arduino/sketches/68E868DF008B98E05691A45E7E5F9D25/core/variant.cpp.o
                0x0000000000080228                USART3_Handler
 .text.init     0x0000000000080234      0x128 /home/molor/.var/app/cc.arduino.IDE2/cache/arduino/sketches/68E868DF008B98E05691A45E7E5F9D25/core/variant.cpp.o
                0x0000000000080234                init
 .text.startup._GLOBAL__sub_I_g_APinDescription
                0x000000000008035c       0xd4 /home/molor/.var/app/cc.arduino.IDE2/cache/arduino/sketches/68E868DF008B98E05691A45E7E5F9D25/core/variant.cpp.o
 .text._Z14serialEventRunv
                0x0000000000080430       0x44 /home/molor/.var/app/cc.arduino.IDE2/cache/arduino/sketches/68E868DF008B98E05691A45E7E5F9D25/core/variant.cpp.o
                0x0000000000080430                serialEventRun()
 .text.PIO_PullUp
                0x0000000000080474        0xa /home/molor/.arduino15/packages/arduino/hardware/sam/1.6.12/variants/arduino_due_x/libsam_sam3x8e_gcc_rel.a(pio.o)
                0x0000000000080474                PIO_PullUp
 .text.PIO_SetPeripheral
                0x000000000008047e       0x26 /home/molor/.arduino15/packages/arduino/hardware/sam/1.6.12/variants/arduino_due_x/libsam_sam3x8e_gcc_rel.a(pio.o)
                0x000000000008047e                PIO_SetPeripheral
 .text.PIO_SetInput
                0x00000000000804a4       0x26 /home/molor/.arduino15/packages/arduino/hardware/sam/1.6.12/variants/arduino_due_x/libsam_sam3x8e_gcc_rel.a(pio.o)
                0x00000000000804a4                PIO_SetInput
 .text.PIO_SetOutput
                0x00000000000804ca       0x24 /home/molor/.arduino15/packages/arduino/hardware/sam/1.6.12/variants/arduino_due_x/libsam_sam3x8e_gcc_rel.a(pio.o)
                0x00000000000804ca                PIO_SetOutput
 *fill*         0x00000000000804ee        0x2 
 .text.PIO_Configure
                0x00000000000804f0       0x64 /home/molor/.arduino15/packages/arduino/hardware/sam/1.6.12/variants/arduino_due_x/libsam_sam3x8e_gcc_rel.a(pio.o)
                0x00000000000804f0                PIO_Configure
 .text.PIO_GetOutputDataStatus
                0x0000000000080554       0x14 /home/molor/.arduino15/packages/arduino/hardware/sam/1.6.12/variants/arduino_due_x/libsam_sam3x8e_gcc_rel.a(pio.o)
                0x0000000000080554                PIO_GetOutputDataStatus
 .text.pmc_enable_upll_clock
                0x0000000000080568       0x14 /home/molor/.arduino15/packages/arduino/hardware/sam/1.6.12/variants/arduino_due_x/libsam_sam3x8e_gcc_rel.a(pmc.o)
                0x0000000000080568                pmc_enable_upll_clock
 .text.pmc_enable_periph_clk
                0x000000000008057c       0x44 /home/molor/.arduino15/packages/arduino/hardware/sam/1.6.12/variants/arduino_due_x/libsam_sam3x8e_gcc_rel.a(pmc.o)
                0x000000000008057c                pmc_enable_periph_clk
 .text.pmc_disable_periph_clk
                0x00000000000805c0       0x40 /home/molor/.arduino15/packages/arduino/hardware/sam/1.6.12/variants/arduino_due_x/libsam_sam3x8e_gcc_rel.a(pmc.o)
                0x00000000000805c0                pmc_disable_periph_clk
 .text.pmc_switch_udpck_to_upllck
                0x0000000000080600       0x14 /home/molor/.arduino15/packages/arduino/hardware/sam/1.6.12/variants/arduino_due_x/libsam_sam3x8e_gcc_rel.a(pmc.o)
                0x0000000000080600                pmc_switch_udpck_to_upllck
 .text.pmc_enable_udpck
                0x0000000000080614        0xc /home/molor/.arduino15/packages/arduino/hardware/sam/1.6.12/variants/arduino_due_x/libsam_sam3x8e_gcc_rel.a(pmc.o)
                0x0000000000080614                pmc_enable_udpck
 .text.SystemInit
                0x0000000000080620       0x88 /home/molor/.arduino15/packages/arduino/hardware/sam/1.6.12/variants/arduino_due_x/libsam_sam3x8e_gcc_rel.a(system_sam3xa.o)
                0x0000000000080620                SystemInit
 .text.Reset_Handler
                0x00000000000806a8       0x78 /home/molor/.arduino15/packages/arduino/hardware/sam/1.6.12/variants/arduino_due_x/libsam_sam3x8e_gcc_rel.a(startup_sam3xa.o)
                0x00000000000806a8                Reset_Handler
 .text.adc_init
                0x0000000000080720       0x98 /home/molor/.arduino15/packages/arduino/hardware/sam/1.6.12/variants/arduino_due_x/libsam_sam3x8e_gcc_rel.a(adc.o)
                0x0000000000080720                adc_init
 .text.adc_configure_trigger
                0x00000000000807b8        0xe /home/molor/.arduino15/packages/arduino/hardware/sam/1.6.12/variants/arduino_due_x/libsam_sam3x8e_gcc_rel.a(adc.o)
                0x00000000000807b8                adc_configure_trigger
 .text.adc_configure_timing
                0x00000000000807c6       0x1a /home/molor/.arduino15/packages/arduino/hardware/sam/1.6.12/variants/arduino_due_x/libsam_sam3x8e_gcc_rel.a(adc.o)
                0x00000000000807c6                adc_configure_timing
 .text.adc_disable_channel
                0x00000000000807e0        0xa /home/molor/.arduino15/packages/arduino/hardware/sam/1.6.12/variants/arduino_due_x/libsam_sam3x8e_gcc_rel.a(adc.o)
                0x00000000000807e0                adc_disable_channel
 .text.adc_disable_all_channel
                0x00000000000807ea        0x8 /home/molor/.arduino15/packages/arduino/hardware/sam/1.6.12/variants/arduino_due_x/libsam_sam3x8e_gcc_rel.a(adc.o)
                0x00000000000807ea                adc_disable_all_channel
 .text.adc_disable_interrupt
                0x00000000000807f2        0x4 /home/molor/.arduino15/packages/arduino/hardware/sam/1.6.12/variants/arduino_due_x/libsam_sam3x8e_gcc_rel.a(adc.o)
                0x00000000000807f2                adc_disable_interrupt
 *fill*         0x00000000000807f6        0x2 
 .text.UOTGHS_Handler
                0x00000000000807f8       0x10 /home/molor/.arduino15/packages/arduino/hardware/sam/1.6.12/variants/arduino_due_x/libsam_sam3x8e_gcc_rel.a(uotghs.o)
                0x00000000000807f8                UOTGHS_Handler
 .text._ZN10RingBufferC2Ev
                0x0000000000080808       0x1a /home/molor/.var/app/cc.arduino.IDE2/cache/arduino/sketches/68E868DF008B98E05691A45E7E5F9D25/../../cores/arduino_sam_arduino_due_x_7cf5793b9b2481f268e61513d382d7e3/core.a(RingBuffer.cpp.o)
                0x0000000000080808                RingBuffer::RingBuffer()
                0x0000000000080808                RingBuffer::RingBuffer()
 .text._ZN10RingBuffer10store_charEh
                0x0000000000080822       0x1e /home/molor/.var/app/cc.arduino.IDE2/cache/arduino/sketches/68E868DF008B98E05691A45E7E5F9D25/../../cores/arduino_sam_arduino_due_x_7cf5793b9b2481f268e61513d382d7e3/core.a(RingBuffer.cpp.o)
                0x0000000000080822                RingBuffer::store_char(unsigned char)
 .text._ZN6Stream9timedReadEv
                0x0000000000080840       0x2a /home/molor/.var/app/cc.arduino.IDE2/cache/arduino/sketches/68E868DF008B98E05691A45E7E5F9D25/../../cores/arduino_sam_arduino_due_x_7cf5793b9b2481f268e61513d382d7e3/core.a(Stream.cpp.o)
                0x0000000000080840                Stream::timedRead()
 .text._ZN6Stream9readBytesEPcj
                0x000000000008086a       0x22 /home/molor/.var/app/cc.arduino.IDE2/cache/arduino/sketches/68E868DF008B98E05691A45E7E5F9D25/../../cores/arduino_sam_arduino_due_x_7cf5793b9b2481f268e61513d382d7e3/core.a(Stream.cpp.o)
                0x000000000008086a                Stream::readBytes(char*, unsigned int)
 .text._ZN9UARTClasscvbEv
                0x000000000008088c        0x4 /home/molor/.var/app/cc.arduino.IDE2/cache/arduino/sketches/68E868DF008B98E05691A45E7E5F9D25/../../cores/arduino_sam_arduino_due_x_7cf5793b9b2481f268e61513d382d7e3/core.a(UARTClass.cpp.o)
                0x000000000008088c                UARTClass::operator bool()
 .text._ZN9UARTClass9availableEv
                0x0000000000080890       0x12 /home/molor/.var/app/cc.arduino.IDE2/cache/arduino/sketches/68E868DF008B98E05691A45E7E5F9D25/../../cores/arduino_sam_arduino_due_x_7cf5793b9b2481f268e61513d382d7e3/core.a(UARTClass.cpp.o)
                0x0000000000080890                UARTClass::available()
 .text._ZN9UARTClass4peekEv
                0x00000000000808a2       0x1c /home/molor/.var/app/cc.arduino.IDE2/cache/arduino/sketches/68E868DF008B98E05691A45E7E5F9D25/../../cores/arduino_sam_arduino_due_x_7cf5793b9b2481f268e61513d382d7e3/core.a(UARTClass.cpp.o)
                0x00000000000808a2                UARTClass::peek()
 .text._ZN9UARTClass4readEv
                0x00000000000808be       0x2a /home/molor/.var/app/cc.arduino.IDE2/cache/arduino/sketches/68E868DF008B98E05691A45E7E5F9D25/../../cores/arduino_sam_arduino_due_x_7cf5793b9b2481f268e61513d382d7e3/core.a(UARTClass.cpp.o)
                0x00000000000808be                UARTClass::read()
 .text._ZN9UARTClass5flushEv
                0x00000000000808e8       0x18 /home/molor/.var/app/cc.arduino.IDE2/cache/arduino/sketches/68E868DF008B98E05691A45E7E5F9D25/../../cores/arduino_sam_arduino_due_x_7cf5793b9b2481f268e61513d382d7e3/core.a(UARTClass.cpp.o)
                0x00000000000808e8                UARTClass::flush()
 .text._ZN9UARTClass5writeEh
                0x0000000000080900       0x54 /home/molor/.var/app/cc.arduino.IDE2/cache/arduino/sketches/68E868DF008B98E05691A45E7E5F9D25/../../cores/arduino_sam_arduino_due_x_7cf5793b9b2481f268e61513d382d7e3/core.a(UARTClass.cpp.o)
                0x0000000000080900                UARTClass::write(unsigned char)
 .text._ZN9UARTClass3endEv
                0x0000000000080954       0x3c /home/molor/.var/app/cc.arduino.IDE2/cache/arduino/sketches/68E868DF008B98E05691A45E7E5F9D25/../../cores/arduino_sam_arduino_due_x_7cf5793b9b2481f268e61513d382d7e3/core.a(UARTClass.cpp.o)
                0x0000000000080954                UARTClass::end()
 .text._ZN9UARTClassC2EP4Uart4IRQnmP10RingBufferS4_
                0x0000000000080990       0x24 /home/molor/.var/app/cc.arduino.IDE2/cache/arduino/sketches/68E868DF008B98E05691A45E7E5F9D25/../../cores/arduino_sam_arduino_due_x_7cf5793b9b2481f268e61513d382d7e3/core.a(UARTClass.cpp.o)
                0x0000000000080990                UARTClass::UARTClass(Uart*, IRQn, unsigned long, RingBuffer*, RingBuffer*)
                0x0000000000080990                UARTClass::UARTClass(Uart*, IRQn, unsigned long, RingBuffer*, RingBuffer*)
 .text._ZN9UARTClass4initEmm
                0x00000000000809b4       0x70 /home/molor/.var/app/cc.arduino.IDE2/cache/arduino/sketches/68E868DF008B98E05691A45E7E5F9D25/../../cores/arduino_sam_arduino_due_x_7cf5793b9b2481f268e61513d382d7e3/core.a(UARTClass.cpp.o)
                0x00000000000809b4                UARTClass::init(unsigned long, unsigned long)
 .text._ZN9UARTClass5beginEm
                0x0000000000080a24        0x8 /home/molor/.var/app/cc.arduino.IDE2/cache/arduino/sketches/68E868DF008B98E05691A45E7E5F9D25/../../cores/arduino_sam_arduino_due_x_7cf5793b9b2481f268e61513d382d7e3/core.a(UARTClass.cpp.o)
                0x0000000000080a24                UARTClass::begin(unsigned long)
 .text._ZN9UARTClass10IrqHandlerEv
                0x0000000000080a2c       0x5a /home/molor/.var/app/cc.arduino.IDE2/cache/arduino/sketches/68E868DF008B98E05691A45E7E5F9D25/../../cores/arduino_sam_arduino_due_x_7cf5793b9b2481f268e61513d382d7e3/core.a(UARTClass.cpp.o)
                0x0000000000080a2c                UARTClass::IrqHandler()
 .text._ZN10USARTClass5beginEm
                0x0000000000080a86        0x8 /home/molor/.var/app/cc.arduino.IDE2/cache/arduino/sketches/68E868DF008B98E05691A45E7E5F9D25/../../cores/arduino_sam_arduino_due_x_7cf5793b9b2481f268e61513d382d7e3/core.a(USARTClass.cpp.o)
                0x0000000000080a86                USARTClass::begin(unsigned long)
 *fill*         0x0000000000080a8e        0x2 
 .text._ZN10USARTClassC2EP5Usart4IRQnmP10RingBufferS4_
                0x0000000000080a90       0x24 /home/molor/.var/app/cc.arduino.IDE2/cache/arduino/sketches/68E868DF008B98E05691A45E7E5F9D25/../../cores/arduino_sam_arduino_due_x_7cf5793b9b2481f268e61513d382d7e3/core.a(USARTClass.cpp.o)
                0x0000000000080a90                USARTClass::USARTClass(Usart*, IRQn, unsigned long, RingBuffer*, RingBuffer*)
                0x0000000000080a90                USARTClass::USARTClass(Usart*, IRQn, unsigned long, RingBuffer*, RingBuffer*)
 .text.PIOA_Handler
                0x0000000000080ab4       0x38 /home/molor/.var/app/cc.arduino.IDE2/cache/arduino/sketches/68E868DF008B98E05691A45E7E5F9D25/../../cores/arduino_sam_arduino_due_x_7cf5793b9b2481f268e61513d382d7e3/core.a(WInterrupts.c.o)
                0x0000000000080ab4                PIOA_Handler
 .text.PIOB_Handler
                0x0000000000080aec       0x38 /home/molor/.var/app/cc.arduino.IDE2/cache/arduino/sketches/68E868DF008B98E05691A45E7E5F9D25/../../cores/arduino_sam_arduino_due_x_7cf5793b9b2481f268e61513d382d7e3/core.a(WInterrupts.c.o)
                0x0000000000080aec                PIOB_Handler
 .text.PIOC_Handler
                0x0000000000080b24       0x38 /home/molor/.var/app/cc.arduino.IDE2/cache/arduino/sketches/68E868DF008B98E05691A45E7E5F9D25/../../cores/arduino_sam_arduino_due_x_7cf5793b9b2481f268e61513d382d7e3/core.a(WInterrupts.c.o)
                0x0000000000080b24                PIOC_Handler
 .text.PIOD_Handler
                0x0000000000080b5c       0x38 /home/molor/.var/app/cc.arduino.IDE2/cache/arduino/sketches/68E868DF008B98E05691A45E7E5F9D25/../../cores/arduino_sam_arduino_due_x_7cf5793b9b2481f268e61513d382d7e3/core.a(WInterrupts.c.o)
                0x0000000000080b5c                PIOD_Handler
 .text.__halt   0x0000000000080b94        0x2 /home/molor/.var/app/cc.arduino.IDE2/cache/arduino/sketches/68E868DF008B98E05691A45E7E5F9D25/../../cores/arduino_sam_arduino_due_x_7cf5793b9b2481f268e61513d382d7e3/core.a(cortex_handlers.c.o)
                0x0000000000080b94                DACC_Handler
                0x0000000000080b94                DebugMon_Handler
                0x0000000000080b94                DMAC_Handler
                0x0000000000080b94                TRNG_Handler
                0x0000000000080b94                HardFault_Handler
                0x0000000000080b94                TC2_Handler
                0x0000000000080b94                TWI1_Handler
                0x0000000000080b94                NMI_Handler
                0x0000000000080b94                TC7_Handler
                0x0000000000080b94                ADC_Handler
                0x0000000000080b94                SMC_Handler
                0x0000000000080b94                RTT_Handler
                0x0000000000080b94                EFC1_Handler
                0x0000000000080b94                RTC_Handler
                0x0000000000080b94                UsageFault_Handler
                0x0000000000080b94                TC6_Handler
                0x0000000000080b94                WDT_Handler
                0x0000000000080b94                CAN0_Handler
                0x0000000000080b94                TC4_Handler
                0x0000000000080b94                TC1_Handler
                0x0000000000080b94                HSMCI_Handler
                0x0000000000080b94                TC3_Handler
                0x0000000000080b94                TWI0_Handler
                0x0000000000080b94                SSC_Handler
                0x0000000000080b94                EFC0_Handler
                0x0000000000080b94                PMC_Handler
                0x0000000000080b94                PWM_Handler
                0x0000000000080b94                CAN1_Handler
                0x0000000000080b94                MemManage_Handler
                0x0000000000080b94                SUPC_Handler
                0x0000000000080b94                TC8_Handler
                0x0000000000080b94                USART2_Handler
                0x0000000000080b94                EMAC_Handler
                0x0000000000080b94                BusFault_Handler
                0x0000000000080b94                RSTC_Handler
                0x0000000000080b94                TC0_Handler
                0x0000000000080b94                TC5_Handler
                0x0000000000080b94                SPI0_Handler
 .text.SVC_Handler
                0x0000000000080b96        0x4 /home/molor/.var/app/cc.arduino.IDE2/cache/arduino/sketches/68E868DF008B98E05691A45E7E5F9D25/../../cores/arduino_sam_arduino_due_x_7cf5793b9b2481f268e61513d382d7e3/core.a(cortex_handlers.c.o)
                0x0000000000080b96                SVC_Handler
 .text.PendSV_Handler
                0x0000000000080b9a        0x4 /home/molor/.var/app/cc.arduino.IDE2/cache/arduino/sketches/68E868DF008B98E05691A45E7E5F9D25/../../cores/arduino_sam_arduino_due_x_7cf5793b9b2481f268e61513d382d7e3/core.a(cortex_handlers.c.o)
                0x0000000000080b9a                PendSV_Handler
 .text.SysTick_Handler
                0x0000000000080b9e       0x16 /home/molor/.var/app/cc.arduino.IDE2/cache/arduino/sketches/68E868DF008B98E05691A45E7E5F9D25/../../cores/arduino_sam_arduino_due_x_7cf5793b9b2481f268e61513d382d7e3/core.a(cortex_handlers.c.o)
                0x0000000000080b9e                SysTick_Handler
 .text.__empty  0x0000000000080bb4        0x2 /home/molor/.var/app/cc.arduino.IDE2/cache/arduino/sketches/68E868DF008B98E05691A45E7E5F9D25/../../cores/arduino_sam_arduino_due_x_7cf5793b9b2481f268e61513d382d7e3/core.a(hooks.c.o)
                0x0000000000080bb4                yield
 .text.__false  0x0000000000080bb6        0x4 /home/molor/.var/app/cc.arduino.IDE2/cache/arduino/sketches/68E868DF008B98E05691A45E7E5F9D25/../../cores/arduino_sam_arduino_due_x_7cf5793b9b2481f268e61513d382d7e3/core.a(hooks.c.o)
                0x0000000000080bb6                sysTickHook
 .text.__halt   0x0000000000080bba        0x2 /home/molor/.var/app/cc.arduino.IDE2/cache/arduino/sketches/68E868DF008B98E05691A45E7E5F9D25/../../cores/arduino_sam_arduino_due_x_7cf5793b9b2481f268e61513d382d7e3/core.a(hooks.c.o)
                0x0000000000080bba                pendSVHook
                0x0000000000080bba                svcHook
 .text.initVariant
                0x0000000000080bbc        0x2 /home/molor/.var/app/cc.arduino.IDE2/cache/arduino/sketches/68E868DF008B98E05691A45E7E5F9D25/../../cores/arduino_sam_arduino_due_x_7cf5793b9b2481f268e61513d382d7e3/core.a(main.cpp.o)
                0x0000000000080bbc                initVariant
 *fill*         0x0000000000080bbe        0x2 
 .text.startup.main
                0x0000000000080bc0       0x38 /home/molor/.var/app/cc.arduino.IDE2/cache/arduino/sketches/68E868DF008B98E05691A45E7E5F9D25/../../cores/arduino_sam_arduino_due_x_7cf5793b9b2481f268e61513d382d7e3/core.a(main.cpp.o)
                0x0000000000080bc0                main
 .text._sbrk    0x0000000000080bf8       0x1c /home/molor/.var/app/cc.arduino.IDE2/cache/arduino/sketches/68E868DF008B98E05691A45E7E5F9D25/../../cores/arduino_sam_arduino_due_x_7cf5793b9b2481f268e61513d382d7e3/core.a(syscalls_sam3.c.o)
                0x0000000000080bf8                _sbrk
 .text.link     0x0000000000080c14        0x6 /home/molor/.var/app/cc.arduino.IDE2/cache/arduino/sketches/68E868DF008B98E05691A45E7E5F9D25/../../cores/arduino_sam_arduino_due_x_7cf5793b9b2481f268e61513d382d7e3/core.a(syscalls_sam3.c.o)
                0x0000000000080c14                link
 .text._close   0x0000000000080c1a        0x6 /home/molor/.var/app/cc.arduino.IDE2/cache/arduino/sketches/68E868DF008B98E05691A45E7E5F9D25/../../cores/arduino_sam_arduino_due_x_7cf5793b9b2481f268e61513d382d7e3/core.a(syscalls_sam3.c.o)
                0x0000000000080c1a                _close
 .text._fstat   0x0000000000080c20        0xa /home/molor/.var/app/cc.arduino.IDE2/cache/arduino/sketches/68E868DF008B98E05691A45E7E5F9D25/../../cores/arduino_sam_arduino_due_x_7cf5793b9b2481f268e61513d382d7e3/core.a(syscalls_sam3.c.o)
                0x0000000000080c20                _fstat
 .text._isatty  0x0000000000080c2a        0x4 /home/molor/.var/app/cc.arduino.IDE2/cache/arduino/sketches/68E868DF008B98E05691A45E7E5F9D25/../../cores/arduino_sam_arduino_due_x_7cf5793b9b2481f268e61513d382d7e3/core.a(syscalls_sam3.c.o)
                0x0000000000080c2a                _isatty
 .text._lseek   0x0000000000080c2e        0x4 /home/molor/.var/app/cc.arduino.IDE2/cache/arduino/sketches/68E868DF008B98E05691A45E7E5F9D25/../../cores/arduino_sam_arduino_due_x_7cf5793b9b2481f268e61513d382d7e3/core.a(syscalls_sam3.c.o)
                0x0000000000080c2e                _lseek
 .text._read    0x0000000000080c32        0x4 /home/molor/.var/app/cc.arduino.IDE2/cache/arduino/sketches/68E868DF008B98E05691A45E7E5F9D25/../../cores/arduino_sam_arduino_due_x_7cf5793b9b2481f268e61513d382d7e3/core.a(syscalls_sam3.c.o)
                0x0000000000080c32                _read
 *fill*         0x0000000000080c36        0x2 
 .text._write   0x0000000000080c38       0x24 /home/molor/.var/app/cc.arduino.IDE2/cache/arduino/sketches/68E868DF008B98E05691A45E7E5F9D25/../../cores/arduino_sam_arduino_due_x_7cf5793b9b2481f268e61513d382d7e3/core.a(syscalls_sam3.c.o)
                0x0000000000080c38                _write
 .text._exit    0x0000000000080c5c        0x2 /home/molor/.var/app/cc.arduino.IDE2/cache/arduino/sketches/68E868DF008B98E05691A45E7E5F9D25/../../cores/arduino_sam_arduino_due_x_7cf5793b9b2481f268e61513d382d7e3/core.a(syscalls_sam3.c.o)
                0x0000000000080c5c                _exit
 .text._kill    0x0000000000080c5e        0x2 /home/molor/.var/app/cc.arduino.IDE2/cache/arduino/sketches/68E868DF008B98E05691A45E7E5F9D25/../../cores/arduino_sam_arduino_due_x_7cf5793b9b2481f268e61513d382d7e3/core.a(syscalls_sam3.c.o)
                0x0000000000080c5e                _kill
 .text._getpid  0x0000000000080c60        0x6 /home/molor/.var/app/cc.arduino.IDE2/cache/arduino/sketches/68E868DF008B98E05691A45E7E5F9D25/../../cores/arduino_sam_arduino_due_x_7cf5793b9b2481f268e61513d382d7e3/core.a(syscalls_sam3.c.o)
                0x0000000000080c60                _getpid
 *fill*         0x0000000000080c66        0x2 
 .text._watchdogDefaultSetup
                0x0000000000080c68        0xc /home/molor/.var/app/cc.arduino.IDE2/cache/arduino/sketches/68E868DF008B98E05691A45E7E5F9D25/../../cores/arduino_sam_arduino_due_x_7cf5793b9b2481f268e61513d382d7e3/core.a(watchdog.cpp.o)
                0x0000000000080c68                watchdogSetup()
                0x0000000000080c68                _watchdogDefaultSetup
 .text.millis   0x0000000000080c74        0x4 /home/molor/.var/app/cc.arduino.IDE2/cache/arduino/sketches/68E868DF008B98E05691A45E7E5F9D25/../../cores/arduino_sam_arduino_due_x_7cf5793b9b2481f268e61513d382d7e3/core.a(wiring.c.o)
                0x0000000000080c74                millis
 .text.delay    0x0000000000080c78       0x1c /home/molor/.var/app/cc.arduino.IDE2/cache/arduino/sketches/68E868DF008B98E05691A45E7E5F9D25/../../cores/arduino_sam_arduino_due_x_7cf5793b9b2481f268e61513d382d7e3/core.a(wiring.c.o)
                0x0000000000080c78                delay
 .text.mapResolution
                0x0000000000080c94       0x12 /home/molor/.var/app/cc.arduino.IDE2/cache/arduino/sketches/68E868DF008B98E05691A45E7E5F9D25/../../cores/arduino_sam_arduino_due_x_7cf5793b9b2481f268e61513d382d7e3/core.a(wiring_analog.c.o)
 .text.analogOutputInit
                0x0000000000080ca6        0x2 /home/molor/.var/app/cc.arduino.IDE2/cache/arduino/sketches/68E868DF008B98E05691A45E7E5F9D25/../../cores/arduino_sam_arduino_due_x_7cf5793b9b2481f268e61513d382d7e3/core.a(wiring_analog.c.o)
                0x0000000000080ca6                analogOutputInit
 .text.analogWrite
                0x0000000000080ca8      0x2c0 /home/molor/.var/app/cc.arduino.IDE2/cache/arduino/sketches/68E868DF008B98E05691A45E7E5F9D25/../../cores/arduino_sam_arduino_due_x_7cf5793b9b2481f268e61513d382d7e3/core.a(wiring_analog.c.o)
                0x0000000000080ca8                analogWrite
 .text.pinMode  0x0000000000080f68      0x108 /home/molor/.var/app/cc.arduino.IDE2/cache/arduino/sketches/68E868DF008B98E05691A45E7E5F9D25/../../cores/arduino_sam_arduino_due_x_7cf5793b9b2481f268e61513d382d7e3/core.a(wiring_digital.c.o)
                0x0000000000080f68                pinMode
 .text.digitalWrite
                0x0000000000081070       0x70 /home/molor/.var/app/cc.arduino.IDE2/cache/arduino/sketches/68E868DF008B98E05691A45E7E5F9D25/../../cores/arduino_sam_arduino_due_x_7cf5793b9b2481f268e61513d382d7e3/core.a(wiring_digital.c.o)
                0x0000000000081070                digitalWrite
 .text._ZN5Print5writeEPKhj
                0x00000000000810e0       0x22 /home/molor/.var/app/cc.arduino.IDE2/cache/arduino/sketches/68E868DF008B98E05691A45E7E5F9D25/../../cores/arduino_sam_arduino_due_x_7cf5793b9b2481f268e61513d382d7e3/core.a(Print.cpp.o)
                0x00000000000810e0                Print::write(unsigned char const*, unsigned int)
 *fill*         0x0000000000081102        0x2 
 .text.initiateReset
                0x0000000000081104        0xc /home/molor/.var/app/cc.arduino.IDE2/cache/arduino/sketches/68E868DF008B98E05691A45E7E5F9D25/../../cores/arduino_sam_arduino_due_x_7cf5793b9b2481f268e61513d382d7e3/core.a(Reset.cpp.o)
                0x0000000000081104                initiateReset
 .text.cancelReset
                0x0000000000081110       0x10 /home/molor/.var/app/cc.arduino.IDE2/cache/arduino/sketches/68E868DF008B98E05691A45E7E5F9D25/../../cores/arduino_sam_arduino_due_x_7cf5793b9b2481f268e61513d382d7e3/core.a(Reset.cpp.o)
                0x0000000000081110                cancelReset
 .text.tickReset
                0x0000000000081120       0x20 /home/molor/.var/app/cc.arduino.IDE2/cache/arduino/sketches/68E868DF008B98E05691A45E7E5F9D25/../../cores/arduino_sam_arduino_due_x_7cf5793b9b2481f268e61513d382d7e3/core.a(Reset.cpp.o)
                0x0000000000081120                tickReset
 .text.unlikely._ZL11USB_SendZlpv
                0x0000000000081140       0x20 /home/molor/.var/app/cc.arduino.IDE2/cache/arduino/sketches/68E868DF008B98E05691A45E7E5F9D25/../../cores/arduino_sam_arduino_due_x_7cf5793b9b2481f268e61513d382d7e3/core.a(USBCore.cpp.o)
 .text._Z14USBD_Availablem
                0x0000000000081160       0x2c /home/molor/.var/app/cc.arduino.IDE2/cache/arduino/sketches/68E868DF008B98E05691A45E7E5F9D25/../../cores/arduino_sam_arduino_due_x_7cf5793b9b2481f268e61513d382d7e3/core.a(USBCore.cpp.o)
                0x0000000000081160                USBD_Available(unsigned long)
 .text._Z9USBD_RecvmPvm
                0x000000000008118c       0x7c /home/molor/.var/app/cc.arduino.IDE2/cache/arduino/sketches/68E868DF008B98E05691A45E7E5F9D25/../../cores/arduino_sam_arduino_due_x_7cf5793b9b2481f268e61513d382d7e3/core.a(USBCore.cpp.o)
                0x000000000008118c                USBD_Recv(unsigned long, void*, unsigned long)
 .text._Z9USBD_Recvm
                0x0000000000081208       0x22 /home/molor/.var/app/cc.arduino.IDE2/cache/arduino/sketches/68E868DF008B98E05691A45E7E5F9D25/../../cores/arduino_sam_arduino_due_x_7cf5793b9b2481f268e61513d382d7e3/core.a(USBCore.cpp.o)
                0x0000000000081208                USBD_Recv(unsigned long)
 *fill*         0x000000000008122a        0x2 
 .text._Z9USBD_SendmPKvm
                0x000000000008122c       0x4c /home/molor/.var/app/cc.arduino.IDE2/cache/arduino/sketches/68E868DF008B98E05691A45E7E5F9D25/../../cores/arduino_sam_arduino_due_x_7cf5793b9b2481f268e61513d382d7e3/core.a(USBCore.cpp.o)
                0x000000000008122c                USBD_Send(unsigned long, void const*, unsigned long)
 .text._Z16USBD_SendControlhPKvm
                0x0000000000081278       0x40 /home/molor/.var/app/cc.arduino.IDE2/cache/arduino/sketches/68E868DF008B98E05691A45E7E5F9D25/../../cores/arduino_sam_arduino_due_x_7cf5793b9b2481f268e61513d382d7e3/core.a(USBCore.cpp.o)
                0x0000000000081278                USBD_SendControl(unsigned char, void const*, unsigned long)
 .text.unlikely._ZL24USB_SendStringDescriptorPKhi
                0x00000000000812b8       0x64 /home/molor/.var/app/cc.arduino.IDE2/cache/arduino/sketches/68E868DF008B98E05691A45E7E5F9D25/../../cores/arduino_sam_arduino_due_x_7cf5793b9b2481f268e61513d382d7e3/core.a(USBCore.cpp.o)
 .text._Z16USBD_RecvControlPvm
                0x000000000008131c       0x1c /home/molor/.var/app/cc.arduino.IDE2/cache/arduino/sketches/68E868DF008B98E05691A45E7E5F9D25/../../cores/arduino_sam_arduino_due_x_7cf5793b9b2481f268e61513d382d7e3/core.a(USBCore.cpp.o)
                0x000000000008131c                USBD_RecvControl(void*, unsigned long)
 .text._Z26USBD_ClassInterfaceRequestR8USBSetup
                0x0000000000081338       0x1e /home/molor/.var/app/cc.arduino.IDE2/cache/arduino/sketches/68E868DF008B98E05691A45E7E5F9D25/../../cores/arduino_sam_arduino_due_x_7cf5793b9b2481f268e61513d382d7e3/core.a(USBCore.cpp.o)
                0x0000000000081338                USBD_ClassInterfaceRequest(USBSetup&)
 .text._Z19USBD_SendInterfacesv
                0x0000000000081356       0x22 /home/molor/.var/app/cc.arduino.IDE2/cache/arduino/sketches/68E868DF008B98E05691A45E7E5F9D25/../../cores/arduino_sam_arduino_due_x_7cf5793b9b2481f268e61513d382d7e3/core.a(USBCore.cpp.o)
                0x0000000000081356                USBD_SendInterfaces()
 .text._Z24USBD_SendOtherInterfacesv
                0x0000000000081378       0x22 /home/molor/.var/app/cc.arduino.IDE2/cache/arduino/sketches/68E868DF008B98E05691A45E7E5F9D25/../../cores/arduino_sam_arduino_due_x_7cf5793b9b2481f268e61513d382d7e3/core.a(USBCore.cpp.o)
                0x0000000000081378                USBD_SendOtherInterfaces()
 .text._Z10USBD_Flushm
                0x000000000008139a       0x16 /home/molor/.var/app/cc.arduino.IDE2/cache/arduino/sketches/68E868DF008B98E05691A45E7E5F9D25/../../cores/arduino_sam_arduino_due_x_7cf5793b9b2481f268e61513d382d7e3/core.a(USBCore.cpp.o)
                0x000000000008139a                USBD_Flush(unsigned long)
 .text._ZN10USBDevice_C2Ev
                0x00000000000813b0       0x24 /home/molor/.var/app/cc.arduino.IDE2/cache/arduino/sketches/68E868DF008B98E05691A45E7E5F9D25/../../cores/arduino_sam_arduino_due_x_7cf5793b9b2481f268e61513d382d7e3/core.a(USBCore.cpp.o)
                0x00000000000813b0                USBDevice_::USBDevice_()
                0x00000000000813b0                USBDevice_::USBDevice_()
 .text._ZN10USBDevice_6attachEv
                0x00000000000813d4       0x20 /home/molor/.var/app/cc.arduino.IDE2/cache/arduino/sketches/68E868DF008B98E05691A45E7E5F9D25/../../cores/arduino_sam_arduino_due_x_7cf5793b9b2481f268e61513d382d7e3/core.a(USBCore.cpp.o)
                0x00000000000813d4                USBDevice_::attach()
 .text.startup._GLOBAL__sub_I_EndPoints
                0x00000000000813f4        0xc /home/molor/.var/app/cc.arduino.IDE2/cache/arduino/sketches/68E868DF008B98E05691A45E7E5F9D25/../../cores/arduino_sam_arduino_due_x_7cf5793b9b2481f268e61513d382d7e3/core.a(USBCore.cpp.o)
 .text._ZL7USB_ISRv
                0x0000000000081400      0x454 /home/molor/.var/app/cc.arduino.IDE2/cache/arduino/sketches/68E868DF008B98E05691A45E7E5F9D25/../../cores/arduino_sam_arduino_due_x_7cf5793b9b2481f268e61513d382d7e3/core.a(USBCore.cpp.o)
 .text._ZN7Serial_9availableEv
                0x0000000000081854       0x18 /home/molor/.var/app/cc.arduino.IDE2/cache/arduino/sketches/68E868DF008B98E05691A45E7E5F9D25/../../cores/arduino_sam_arduino_due_x_7cf5793b9b2481f268e61513d382d7e3/core.a(CDC.cpp.o)
                0x0000000000081854                Serial_::available()
 .text._ZN7Serial_17availableForWriteEv
                0x000000000008186c        0x6 /home/molor/.var/app/cc.arduino.IDE2/cache/arduino/sketches/68E868DF008B98E05691A45E7E5F9D25/../../cores/arduino_sam_arduino_due_x_7cf5793b9b2481f268e61513d382d7e3/core.a(CDC.cpp.o)
                0x000000000008186c                Serial_::availableForWrite()
 *fill*         0x0000000000081872        0x2 
 .text._ZN7Serial_4peekEv
                0x0000000000081874       0x20 /home/molor/.var/app/cc.arduino.IDE2/cache/arduino/sketches/68E868DF008B98E05691A45E7E5F9D25/../../cores/arduino_sam_arduino_due_x_7cf5793b9b2481f268e61513d382d7e3/core.a(CDC.cpp.o)
                0x0000000000081874                Serial_::peek()
 .text._ZN7Serial_5writeEh
                0x0000000000081894       0x16 /home/molor/.var/app/cc.arduino.IDE2/cache/arduino/sketches/68E868DF008B98E05691A45E7E5F9D25/../../cores/arduino_sam_arduino_due_x_7cf5793b9b2481f268e61513d382d7e3/core.a(CDC.cpp.o)
                0x0000000000081894                Serial_::write(unsigned char)
 *fill*         0x00000000000818aa        0x2 
 .text._ZN7Serial_4readEv
                0x00000000000818ac       0x44 /home/molor/.var/app/cc.arduino.IDE2/cache/arduino/sketches/68E868DF008B98E05691A45E7E5F9D25/../../cores/arduino_sam_arduino_due_x_7cf5793b9b2481f268e61513d382d7e3/core.a(CDC.cpp.o)
                0x00000000000818ac                Serial_::read()
 .text._ZN7Serial_5flushEv
                0x00000000000818f0        0x6 /home/molor/.var/app/cc.arduino.IDE2/cache/arduino/sketches/68E868DF008B98E05691A45E7E5F9D25/../../cores/arduino_sam_arduino_due_x_7cf5793b9b2481f268e61513d382d7e3/core.a(CDC.cpp.o)
                0x00000000000818f0                Serial_::flush()
 *fill*         0x00000000000818f6        0x2 
 .text._ZN7Serial_6acceptEv
                0x00000000000818f8       0x70 /home/molor/.var/app/cc.arduino.IDE2/cache/arduino/sketches/68E868DF008B98E05691A45E7E5F9D25/../../cores/arduino_sam_arduino_due_x_7cf5793b9b2481f268e61513d382d7e3/core.a(CDC.cpp.o)
                0x00000000000818f8                Serial_::accept()
 .text._ZN7Serial_5writeEPKhj
                0x0000000000081968       0x2c /home/molor/.var/app/cc.arduino.IDE2/cache/arduino/sketches/68E868DF008B98E05691A45E7E5F9D25/../../cores/arduino_sam_arduino_due_x_7cf5793b9b2481f268e61513d382d7e3/core.a(CDC.cpp.o)
                0x0000000000081968                Serial_::write(unsigned char const*, unsigned int)
 .text._Z16CDC_GetInterfacePh
                0x0000000000081994       0x14 /home/molor/.var/app/cc.arduino.IDE2/cache/arduino/sketches/68E868DF008B98E05691A45E7E5F9D25/../../cores/arduino_sam_arduino_due_x_7cf5793b9b2481f268e61513d382d7e3/core.a(CDC.cpp.o)
                0x0000000000081994                CDC_GetInterface(unsigned char*)
 .text._Z21CDC_GetOtherInterfacePh
                0x00000000000819a8       0x14 /home/molor/.var/app/cc.arduino.IDE2/cache/arduino/sketches/68E868DF008B98E05691A45E7E5F9D25/../../cores/arduino_sam_arduino_due_x_7cf5793b9b2481f268e61513d382d7e3/core.a(CDC.cpp.o)
                0x00000000000819a8                CDC_GetOtherInterface(unsigned char*)
 .text._Z9CDC_SetupR8USBSetup
                0x00000000000819bc       0x78 /home/molor/.var/app/cc.arduino.IDE2/cache/arduino/sketches/68E868DF008B98E05691A45E7E5F9D25/../../cores/arduino_sam_arduino_due_x_7cf5793b9b2481f268e61513d382d7e3/core.a(CDC.cpp.o)
                0x00000000000819bc                CDC_Setup(USBSetup&)
 .text.startup._GLOBAL__sub_I_cdc_rx_buffer
                0x0000000000081a34       0x1c /home/molor/.var/app/cc.arduino.IDE2/cache/arduino/sketches/68E868DF008B98E05691A45E7E5F9D25/../../cores/arduino_sam_arduino_due_x_7cf5793b9b2481f268e61513d382d7e3/core.a(CDC.cpp.o)
 .text._ZN13PluggableUSB_12getInterfaceEPh
                0x0000000000081a50       0x28 /home/molor/.var/app/cc.arduino.IDE2/cache/arduino/sketches/68E868DF008B98E05691A45E7E5F9D25/../../cores/arduino_sam_arduino_due_x_7cf5793b9b2481f268e61513d382d7e3/core.a(PluggableUSB.cpp.o)
                0x0000000000081a50                PluggableUSB_::getInterface(unsigned char*)
 .text._ZN13PluggableUSB_13getDescriptorER8USBSetup
                0x0000000000081a78       0x1c /home/molor/.var/app/cc.arduino.IDE2/cache/arduino/sketches/68E868DF008B98E05691A45E7E5F9D25/../../cores/arduino_sam_arduino_due_x_7cf5793b9b2481f268e61513d382d7e3/core.a(PluggableUSB.cpp.o)
                0x0000000000081a78                PluggableUSB_::getDescriptor(USBSetup&)
 .text._ZN13PluggableUSB_12getShortNameEPc
                0x0000000000081a94       0x1c /home/molor/.var/app/cc.arduino.IDE2/cache/arduino/sketches/68E868DF008B98E05691A45E7E5F9D25/../../cores/arduino_sam_arduino_due_x_7cf5793b9b2481f268e61513d382d7e3/core.a(PluggableUSB.cpp.o)
                0x0000000000081a94                PluggableUSB_::getShortName(char*)
 .text._ZN13PluggableUSB_5setupER8USBSetup
                0x0000000000081ab0       0x20 /home/molor/.var/app/cc.arduino.IDE2/cache/arduino/sketches/68E868DF008B98E05691A45E7E5F9D25/../../cores/arduino_sam_arduino_due_x_7cf5793b9b2481f268e61513d382d7e3/core.a(PluggableUSB.cpp.o)
                0x0000000000081ab0                PluggableUSB_::setup(USBSetup&)
 .text._Z12PluggableUSBv
                0x0000000000081ad0       0x28 /home/molor/.var/app/cc.arduino.IDE2/cache/arduino/sketches/68E868DF008B98E05691A45E7E5F9D25/../../cores/arduino_sam_arduino_due_x_7cf5793b9b2481f268e61513d382d7e3/core.a(PluggableUSB.cpp.o)
                0x0000000000081ad0                PluggableUSB()
 .text.FindClockConfiguration
                0x0000000000081af8       0x7c /home/molor/.arduino15/packages/arduino/hardware/sam/1.6.12/variants/arduino_due_x/libsam_sam3x8e_gcc_rel.a(pwmc.o)
 .text.PWMC_ConfigureChannel
                0x0000000000081b74       0x60 /home/molor/.arduino15/packages/arduino/hardware/sam/1.6.12/variants/arduino_due_x/libsam_sam3x8e_gcc_rel.a(pwmc.o)
                0x0000000000081b74                PWMC_ConfigureChannel
 .text.PWMC_ConfigureClocks
                0x0000000000081bd4       0x54 /home/molor/.arduino15/packages/arduino/hardware/sam/1.6.12/variants/arduino_due_x/libsam_sam3x8e_gcc_rel.a(pwmc.o)
                0x0000000000081bd4                PWMC_ConfigureClocks
 .text.PWMC_SetPeriod
                0x0000000000081c28       0x1a /home/molor/.arduino15/packages/arduino/hardware/sam/1.6.12/variants/arduino_due_x/libsam_sam3x8e_gcc_rel.a(pwmc.o)
                0x0000000000081c28                PWMC_SetPeriod
 *fill*         0x0000000000081c42        0x2 
 .text.PWMC_SetDutyCycle
                0x0000000000081c44       0x44 /home/molor/.arduino15/packages/arduino/hardware/sam/1.6.12/variants/arduino_due_x/libsam_sam3x8e_gcc_rel.a(pwmc.o)
                0x0000000000081c44                PWMC_SetDutyCycle
 .text.PWMC_EnableChannel
                0x0000000000081c88        0xa /home/molor/.arduino15/packages/arduino/hardware/sam/1.6.12/variants/arduino_due_x/libsam_sam3x8e_gcc_rel.a(pwmc.o)
                0x0000000000081c88                PWMC_EnableChannel
 *fill*         0x0000000000081c92        0x2 
 .text.TC_Configure
                0x0000000000081c94       0x38 /home/molor/.arduino15/packages/arduino/hardware/sam/1.6.12/variants/arduino_due_x/libsam_sam3x8e_gcc_rel.a(tc.o)
                0x0000000000081c94                TC_Configure
 .text.TC_Start
                0x0000000000081ccc       0x2c /home/molor/.arduino15/packages/arduino/hardware/sam/1.6.12/variants/arduino_due_x/libsam_sam3x8e_gcc_rel.a(tc.o)
                0x0000000000081ccc                TC_Start
 .text.TC_SetRA
                0x0000000000081cf8        0x8 /home/molor/.arduino15/packages/arduino/hardware/sam/1.6.12/variants/arduino_due_x/libsam_sam3x8e_gcc_rel.a(tc.o)
                0x0000000000081cf8                TC_SetRA
 .text.TC_SetRB
                0x0000000000081d00        0x8 /home/molor/.arduino15/packages/arduino/hardware/sam/1.6.12/variants/arduino_due_x/libsam_sam3x8e_gcc_rel.a(tc.o)
                0x0000000000081d00                TC_SetRB
 .text.TC_SetRC
                0x0000000000081d08        0x8 /home/molor/.arduino15/packages/arduino/hardware/sam/1.6.12/variants/arduino_due_x/libsam_sam3x8e_gcc_rel.a(tc.o)
                0x0000000000081d08                TC_SetRC
 .text.TimeTick_Increment
                0x0000000000081d10       0x10 /home/molor/.arduino15/packages/arduino/hardware/sam/1.6.12/variants/arduino_due_x/libsam_sam3x8e_gcc_rel.a(timetick.o)
                0x0000000000081d10                TimeTick_Increment
 .text.GetTickCount
                0x0000000000081d20        0xc /home/molor/.arduino15/packages/arduino/hardware/sam/1.6.12/variants/arduino_due_x/libsam_sam3x8e_gcc_rel.a(timetick.o)
                0x0000000000081d20                GetTickCount
 .text.WDT_Disable
                0x0000000000081d2c        0x8 /home/molor/.arduino15/packages/arduino/hardware/sam/1.6.12/variants/arduino_due_x/libsam_sam3x8e_gcc_rel.a(wdt.o)
                0x0000000000081d2c                WDT_Disable
 .text.UDD_SetStack
                0x0000000000081d34        0xc /home/molor/.arduino15/packages/arduino/hardware/sam/1.6.12/variants/arduino_due_x/libsam_sam3x8e_gcc_rel.a(uotghs_device.o)
                0x0000000000081d34                UDD_SetStack
 .text.UDD_Init
                0x0000000000081d40       0xd0 /home/molor/.arduino15/packages/arduino/hardware/sam/1.6.12/variants/arduino_due_x/libsam_sam3x8e_gcc_rel.a(uotghs_device.o)
                0x0000000000081d40                UDD_Init
 .text.UDD_Attach
                0x0000000000081e10       0x50 /home/molor/.arduino15/packages/arduino/hardware/sam/1.6.12/variants/arduino_due_x/libsam_sam3x8e_gcc_rel.a(uotghs_device.o)
                0x0000000000081e10                UDD_Attach
 .text.UDD_InitEP
                0x0000000000081e60       0x2c /home/molor/.arduino15/packages/arduino/hardware/sam/1.6.12/variants/arduino_due_x/libsam_sam3x8e_gcc_rel.a(uotghs_device.o)
                0x0000000000081e60                UDD_InitEP
 .text.UDD_InitEndpoints
                0x0000000000081e8c       0x3c /home/molor/.arduino15/packages/arduino/hardware/sam/1.6.12/variants/arduino_due_x/libsam_sam3x8e_gcc_rel.a(uotghs_device.o)
                0x0000000000081e8c                UDD_InitEndpoints
 .text.UDD_WaitIN
                0x0000000000081ec8       0x10 /home/molor/.arduino15/packages/arduino/hardware/sam/1.6.12/variants/arduino_due_x/libsam_sam3x8e_gcc_rel.a(uotghs_device.o)
                0x0000000000081ec8                UDD_WaitIN
 .text.UDD_WaitOUT
                0x0000000000081ed8       0x10 /home/molor/.arduino15/packages/arduino/hardware/sam/1.6.12/variants/arduino_due_x/libsam_sam3x8e_gcc_rel.a(uotghs_device.o)
                0x0000000000081ed8                UDD_WaitOUT
 .text.UDD_ClearIN
                0x0000000000081ee8       0x18 /home/molor/.arduino15/packages/arduino/hardware/sam/1.6.12/variants/arduino_due_x/libsam_sam3x8e_gcc_rel.a(uotghs_device.o)
                0x0000000000081ee8                UDD_ClearIN
 .text.UDD_ClearOUT
                0x0000000000081f00       0x18 /home/molor/.arduino15/packages/arduino/hardware/sam/1.6.12/variants/arduino_due_x/libsam_sam3x8e_gcc_rel.a(uotghs_device.o)
                0x0000000000081f00                UDD_ClearOUT
 .text.UDD_ReceivedSetupInt
                0x0000000000081f18       0x10 /home/molor/.arduino15/packages/arduino/hardware/sam/1.6.12/variants/arduino_due_x/libsam_sam3x8e_gcc_rel.a(uotghs_device.o)
                0x0000000000081f18                UDD_ReceivedSetupInt
 .text.UDD_ClearSetupInt
                0x0000000000081f28       0x10 /home/molor/.arduino15/packages/arduino/hardware/sam/1.6.12/variants/arduino_due_x/libsam_sam3x8e_gcc_rel.a(uotghs_device.o)
                0x0000000000081f28                UDD_ClearSetupInt
 .text.UDD_Send
                0x0000000000081f38       0x88 /home/molor/.arduino15/packages/arduino/hardware/sam/1.6.12/variants/arduino_due_x/libsam_sam3x8e_gcc_rel.a(uotghs_device.o)
                0x0000000000081f38                UDD_Send
 .text.UDD_Send8
                0x0000000000081fc0       0x24 /home/molor/.arduino15/packages/arduino/hardware/sam/1.6.12/variants/arduino_due_x/libsam_sam3x8e_gcc_rel.a(uotghs_device.o)
                0x0000000000081fc0                UDD_Send8
 .text.UDD_Recv8
                0x0000000000081fe4       0x28 /home/molor/.arduino15/packages/arduino/hardware/sam/1.6.12/variants/arduino_due_x/libsam_sam3x8e_gcc_rel.a(uotghs_device.o)
                0x0000000000081fe4                UDD_Recv8
 .text.UDD_Recv
                0x000000000008200c       0x34 /home/molor/.arduino15/packages/arduino/hardware/sam/1.6.12/variants/arduino_due_x/libsam_sam3x8e_gcc_rel.a(uotghs_device.o)
                0x000000000008200c                UDD_Recv
 .text.UDD_Stall
                0x0000000000082040       0x14 /home/molor/.arduino15/packages/arduino/hardware/sam/1.6.12/variants/arduino_due_x/libsam_sam3x8e_gcc_rel.a(uotghs_device.o)
                0x0000000000082040                UDD_Stall
 .text.UDD_FifoByteCount
                0x0000000000082054       0x14 /home/molor/.arduino15/packages/arduino/hardware/sam/1.6.12/variants/arduino_due_x/libsam_sam3x8e_gcc_rel.a(uotghs_device.o)
                0x0000000000082054                UDD_FifoByteCount
 .text.UDD_ReleaseRX
                0x0000000000082068       0x28 /home/molor/.arduino15/packages/arduino/hardware/sam/1.6.12/variants/arduino_due_x/libsam_sam3x8e_gcc_rel.a(uotghs_device.o)
                0x0000000000082068                UDD_ReleaseRX
 .text.UDD_ReleaseTX
                0x0000000000082090       0x28 /home/molor/.arduino15/packages/arduino/hardware/sam/1.6.12/variants/arduino_due_x/libsam_sam3x8e_gcc_rel.a(uotghs_device.o)
                0x0000000000082090                UDD_ReleaseTX
 .text.UDD_SetAddress
                0x00000000000820b8       0x20 /home/molor/.arduino15/packages/arduino/hardware/sam/1.6.12/variants/arduino_due_x/libsam_sam3x8e_gcc_rel.a(uotghs_device.o)
                0x00000000000820b8                UDD_SetAddress
 .text.dacc_reset
                0x00000000000820d8        0x6 /home/molor/.arduino15/packages/arduino/hardware/sam/1.6.12/variants/arduino_due_x/libsam_sam3x8e_gcc_rel.a(dacc.o)
                0x00000000000820d8                dacc_reset
 .text.dacc_set_transfer_mode
                0x00000000000820de       0x14 /home/molor/.arduino15/packages/arduino/hardware/sam/1.6.12/variants/arduino_due_x/libsam_sam3x8e_gcc_rel.a(dacc.o)
                0x00000000000820de                dacc_set_transfer_mode
 .text.dacc_get_interrupt_status
                0x00000000000820f2        0x4 /home/molor/.arduino15/packages/arduino/hardware/sam/1.6.12/variants/arduino_due_x/libsam_sam3x8e_gcc_rel.a(dacc.o)
                0x00000000000820f2                dacc_get_interrupt_status
 .text.dacc_write_conversion_data
                0x00000000000820f6        0x4 /home/molor/.arduino15/packages/arduino/hardware/sam/1.6.12/variants/arduino_due_x/libsam_sam3x8e_gcc_rel.a(dacc.o)
                0x00000000000820f6                dacc_write_conversion_data
 .text.dacc_set_channel_selection
                0x00000000000820fa       0x18 /home/molor/.arduino15/packages/arduino/hardware/sam/1.6.12/variants/arduino_due_x/libsam_sam3x8e_gcc_rel.a(dacc.o)
                0x00000000000820fa                dacc_set_channel_selection
 .text.dacc_set_power_save
                0x0000000000082112       0x24 /home/molor/.arduino15/packages/arduino/hardware/sam/1.6.12/variants/arduino_due_x/libsam_sam3x8e_gcc_rel.a(dacc.o)
                0x0000000000082112                dacc_set_power_save
 .text.dacc_set_timing
                0x0000000000082136       0x2c /home/molor/.arduino15/packages/arduino/hardware/sam/1.6.12/variants/arduino_due_x/libsam_sam3x8e_gcc_rel.a(dacc.o)
                0x0000000000082136                dacc_set_timing
 .text.dacc_enable_channel
                0x0000000000082162       0x12 /home/molor/.arduino15/packages/arduino/hardware/sam/1.6.12/variants/arduino_due_x/libsam_sam3x8e_gcc_rel.a(dacc.o)
                0x0000000000082162                dacc_enable_channel
 .text.dacc_get_channel_status
                0x0000000000082174        0x4 /home/molor/.arduino15/packages/arduino/hardware/sam/1.6.12/variants/arduino_due_x/libsam_sam3x8e_gcc_rel.a(dacc.o)
                0x0000000000082174                dacc_get_channel_status
 .text.dacc_set_analog_control
                0x0000000000082178        0x8 /home/molor/.arduino15/packages/arduino/hardware/sam/1.6.12/variants/arduino_due_x/libsam_sam3x8e_gcc_rel.a(dacc.o)
                0x0000000000082178                dacc_set_analog_control
 .text.__assert_func
                0x0000000000082180       0x3c /home/molor/.arduino15/packages/arduino/tools/arm-none-eabi-gcc/4.8.3-2014q1/bin/../lib/gcc/arm-none-eabi/4.8.3/../../../../arm-none-eabi/lib/armv7-m/libc.a(lib_a-assert.o)
                0x0000000000082180                __assert_func
 .text.fiprintf
                0x00000000000821bc       0x28 /home/molor/.arduino15/packages/arduino/tools/arm-none-eabi-gcc/4.8.3-2014q1/bin/../lib/gcc/arm-none-eabi/4.8.3/../../../../arm-none-eabi/lib/armv7-m/libc.a(lib_a-fiprintf.o)
                0x00000000000821bc                fiprintf
 .text.__libc_init_array
                0x00000000000821e4       0x50 /home/molor/.arduino15/packages/arduino/tools/arm-none-eabi-gcc/4.8.3-2014q1/bin/../lib/gcc/arm-none-eabi/4.8.3/../../../../arm-none-eabi/lib/armv7-m/libc.a(lib_a-init.o)
                0x00000000000821e4                __libc_init_array
 .text.malloc   0x0000000000082234       0x10 /home/molor/.arduino15/packages/arduino/tools/arm-none-eabi-gcc/4.8.3-2014q1/bin/../lib/gcc/arm-none-eabi/4.8.3/../../../../arm-none-eabi/lib/armv7-m/libc.a(lib_a-malloc.o)
                0x0000000000082234                malloc
 .text._malloc_r
                0x0000000000082244      0x538 /home/molor/.arduino15/packages/arduino/tools/arm-none-eabi-gcc/4.8.3-2014q1/bin/../lib/gcc/arm-none-eabi/4.8.3/../../../../arm-none-eabi/lib/armv7-m/libc.a(lib_a-mallocr.o)
                0x0000000000082244                _malloc_r
 .text          0x000000000008277c       0xec /home/molor/.arduino15/packages/arduino/tools/arm-none-eabi-gcc/4.8.3-2014q1/bin/../lib/gcc/arm-none-eabi/4.8.3/../../../../arm-none-eabi/lib/armv7-m/libc.a(lib_a-memcpy.o)
                0x000000000008277c                memcpy
 .text.memmove  0x0000000000082868       0xcc /home/molor/.arduino15/packages/arduino/tools/arm-none-eabi-gcc/4.8.3-2014q1/bin/../lib/gcc/arm-none-eabi/4.8.3/../../../../arm-none-eabi/lib/armv7-m/libc.a(lib_a-memmove.o)
                0x0000000000082868                memmove
 .text.memset   0x0000000000082934       0x94 /home/molor/.arduino15/packages/arduino/tools/arm-none-eabi-gcc/4.8.3-2014q1/bin/../lib/gcc/arm-none-eabi/4.8.3/../../../../arm-none-eabi/lib/armv7-m/libc.a(lib_a-memset.o)
                0x0000000000082934                memset
 .text.__malloc_lock
                0x00000000000829c8        0x4 /home/molor/.arduino15/packages/arduino/tools/arm-none-eabi-gcc/4.8.3-2014q1/bin/../lib/gcc/arm-none-eabi/4.8.3/../../../../arm-none-eabi/lib/armv7-m/libc.a(lib_a-mlock.o)
                0x00000000000829c8                __malloc_lock
 .text.__malloc_unlock
                0x00000000000829cc        0x4 /home/molor/.arduino15/packages/arduino/tools/arm-none-eabi-gcc/4.8.3-2014q1/bin/../lib/gcc/arm-none-eabi/4.8.3/../../../../arm-none-eabi/lib/armv7-m/libc.a(lib_a-mlock.o)
                0x00000000000829cc                __malloc_unlock
 .text._realloc_r
                0x00000000000829d0      0x3c0 /home/molor/.arduino15/packages/arduino/tools/arm-none-eabi-gcc/4.8.3-2014q1/bin/../lib/gcc/arm-none-eabi/4.8.3/../../../../arm-none-eabi/lib/armv7-m/libc.a(lib_a-reallocr.o)
                0x00000000000829d0                _realloc_r
 .text._sbrk_r  0x0000000000082d90       0x24 /home/molor/.arduino15/packages/arduino/tools/arm-none-eabi-gcc/4.8.3-2014q1/bin/../lib/gcc/arm-none-eabi/4.8.3/../../../../arm-none-eabi/lib/armv7-m/libc.a(lib_a-sbrkr.o)
                0x0000000000082d90                _sbrk_r
 .text.strlen   0x0000000000082db4       0x60 /home/molor/.arduino15/packages/arduino/tools/arm-none-eabi-gcc/4.8.3-2014q1/bin/../lib/gcc/arm-none-eabi/4.8.3/../../../../arm-none-eabi/lib/armv7-m/libc.a(lib_a-strlen.o)
                0x0000000000082db4                strlen
 .text.kill     0x0000000000082e14       0x10 /home/molor/.arduino15/packages/arduino/tools/arm-none-eabi-gcc/4.8.3-2014q1/bin/../lib/gcc/arm-none-eabi/4.8.3/../../../../arm-none-eabi/lib/armv7-m/libc.a(lib_a-syskill.o)
                0x0000000000082e14                kill
 .text.__sprint_r.part.0
                0x0000000000082e24       0x78 /home/molor/.arduino15/packages/arduino/tools/arm-none-eabi-gcc/4.8.3-2014q1/bin/../lib/gcc/arm-none-eabi/4.8.3/../../../../arm-none-eabi/lib/armv7-m/libc.a(lib_a-vfiprintf.o)
 .text._vfiprintf_r
                0x0000000000082e9c      0xc54 /home/molor/.arduino15/packages/arduino/tools/arm-none-eabi-gcc/4.8.3-2014q1/bin/../lib/gcc/arm-none-eabi/4.8.3/../../../../arm-none-eabi/lib/armv7-m/libc.a(lib_a-vfiprintf.o)
                0x0000000000082e9c                _vfiprintf_r
 .text.__sbprintf
                0x0000000000083af0       0x7c /home/molor/.arduino15/packages/arduino/tools/arm-none-eabi-gcc/4.8.3-2014q1/bin/../lib/gcc/arm-none-eabi/4.8.3/../../../../arm-none-eabi/lib/armv7-m/libc.a(lib_a-vfiprintf.o)
 .text.__swsetup_r
                0x0000000000083b6c       0xc4 /home/molor/.arduino15/packages/arduino/tools/arm-none-eabi-gcc/4.8.3-2014q1/bin/../lib/gcc/arm-none-eabi/4.8.3/../../../../arm-none-eabi/lib/armv7-m/libc.a(lib_a-wsetup.o)
                0x0000000000083b6c                __swsetup_r
 .text.startup.register_fini
                0x0000000000083c30       0x14 /home/molor/.arduino15/packages/arduino/tools/arm-none-eabi-gcc/4.8.3-2014q1/bin/../lib/gcc/arm-none-eabi/4.8.3/../../../../arm-none-eabi/lib/armv7-m/libc.a(lib_a-__call_atexit.o)
 .text.abort    0x0000000000083c44       0x10 /home/molor/.arduino15/packages/arduino/tools/arm-none-eabi-gcc/4.8.3-2014q1/bin/../lib/gcc/arm-none-eabi/4.8.3/../../../../arm-none-eabi/lib/armv7-m/libc.a(lib_a-abort.o)
                0x0000000000083c44                abort
 .text.atexit   0x0000000000083c54        0xc /home/molor/.arduino15/packages/arduino/tools/arm-none-eabi-gcc/4.8.3-2014q1/bin/../lib/gcc/arm-none-eabi/4.8.3/../../../../arm-none-eabi/lib/armv7-m/libc.a(lib_a-atexit.o)
                0x0000000000083c54                atexit
 .text.__sflush_r
                0x0000000000083c60      0x148 /home/molor/.arduino15/packages/arduino/tools/arm-none-eabi-gcc/4.8.3-2014q1/bin/../lib/gcc/arm-none-eabi/4.8.3/../../../../arm-none-eabi/lib/armv7-m/libc.a(lib_a-fflush.o)
                0x0000000000083c60                __sflush_r
 .text._fflush_r
                0x0000000000083da8       0x2c /home/molor/.arduino15/packages/arduino/tools/arm-none-eabi-gcc/4.8.3-2014q1/bin/../lib/gcc/arm-none-eabi/4.8.3/../../../../arm-none-eabi/lib/armv7-m/libc.a(lib_a-fflush.o)
                0x0000000000083da8                _fflush_r
 .text._cleanup_r
                0x0000000000083dd4        0xc /home/molor/.arduino15/packages/arduino/tools/arm-none-eabi-gcc/4.8.3-2014q1/bin/../lib/gcc/arm-none-eabi/4.8.3/../../../../arm-none-eabi/lib/armv7-m/libc.a(lib_a-findfp.o)
                0x0000000000083dd4                _cleanup_r
 .text.__sinit  0x0000000000083de0       0xf4 /home/molor/.arduino15/packages/arduino/tools/arm-none-eabi-gcc/4.8.3-2014q1/bin/../lib/gcc/arm-none-eabi/4.8.3/../../../../arm-none-eabi/lib/armv7-m/libc.a(lib_a-findfp.o)
                0x0000000000083de0                __sinit
 .text.__sfp_lock_acquire
                0x0000000000083ed4        0x4 /home/molor/.arduino15/packages/arduino/tools/arm-none-eabi-gcc/4.8.3-2014q1/bin/../lib/gcc/arm-none-eabi/4.8.3/../../../../arm-none-eabi/lib/armv7-m/libc.a(lib_a-findfp.o)
                0x0000000000083ed4                __sfp_lock_acquire
 .text.__sfp_lock_release
                0x0000000000083ed8        0x4 /home/molor/.arduino15/packages/arduino/tools/arm-none-eabi-gcc/4.8.3-2014q1/bin/../lib/gcc/arm-none-eabi/4.8.3/../../../../arm-none-eabi/lib/armv7-m/libc.a(lib_a-findfp.o)
                0x0000000000083ed8                __sfp_lock_release
 .text.__libc_fini_array
                0x0000000000083edc       0x30 /home/molor/.arduino15/packages/arduino/tools/arm-none-eabi-gcc/4.8.3-2014q1/bin/../lib/gcc/arm-none-eabi/4.8.3/../../../../arm-none-eabi/lib/armv7-m/libc.a(lib_a-fini.o)
                0x0000000000083edc                __libc_fini_array
 .text._fputwc_r
                0x0000000000083f0c       0xc0 /home/molor/.arduino15/packages/arduino/tools/arm-none-eabi-gcc/4.8.3-2014q1/bin/../lib/gcc/arm-none-eabi/4.8.3/../../../../arm-none-eabi/lib/armv7-m/libc.a(lib_a-fputwc.o)
                0x0000000000083f0c                _fputwc_r
 .text._malloc_trim_r
                0x0000000000083fcc       0x9c /home/molor/.arduino15/packages/arduino/tools/arm-none-eabi-gcc/4.8.3-2014q1/bin/../lib/gcc/arm-none-eabi/4.8.3/../../../../arm-none-eabi/lib/armv7-m/libc.a(lib_a-freer.o)
                0x0000000000083fcc                _malloc_trim_r
 .text._free_r  0x0000000000084068      0x198 /home/molor/.arduino15/packages/arduino/tools/arm-none-eabi-gcc/4.8.3-2014q1/bin/../lib/gcc/arm-none-eabi/4.8.3/../../../../arm-none-eabi/lib/armv7-m/libc.a(lib_a-freer.o)
                0x0000000000084068                _free_r
 .text.__sfvwrite_r
                0x0000000000084200      0x314 /home/molor/.arduino15/packages/arduino/tools/arm-none-eabi-gcc/4.8.3-2014q1/bin/../lib/gcc/arm-none-eabi/4.8.3/../../../../arm-none-eabi/lib/armv7-m/libc.a(lib_a-fvwrite.o)
                0x0000000000084200                __sfvwrite_r
 .text._fwalk   0x0000000000084514       0x48 /home/molor/.arduino15/packages/arduino/tools/arm-none-eabi-gcc/4.8.3-2014q1/bin/../lib/gcc/arm-none-eabi/4.8.3/../../../../arm-none-eabi/lib/armv7-m/libc.a(lib_a-fwalk.o)
                0x0000000000084514                _fwalk
 .text.__locale_charset
                0x000000000008455c        0x8 /home/molor/.arduino15/packages/arduino/tools/arm-none-eabi-gcc/4.8.3-2014q1/bin/../lib/gcc/arm-none-eabi/4.8.3/../../../../arm-none-eabi/lib/armv7-m/libc.a(lib_a-locale.o)
                0x000000000008455c                __locale_charset
 .text.__locale_mb_cur_max
                0x0000000000084564        0xc /home/molor/.arduino15/packages/arduino/tools/arm-none-eabi-gcc/4.8.3-2014q1/bin/../lib/gcc/arm-none-eabi/4.8.3/../../../../arm-none-eabi/lib/armv7-m/libc.a(lib_a-locale.o)
                0x0000000000084564                __locale_mb_cur_max
 .text.__smakebuf_r
                0x0000000000084570       0xe0 /home/molor/.arduino15/packages/arduino/tools/arm-none-eabi-gcc/4.8.3-2014q1/bin/../lib/gcc/arm-none-eabi/4.8.3/../../../../arm-none-eabi/lib/armv7-m/libc.a(lib_a-makebuf.o)
                0x0000000000084570                __smakebuf_r
 .text.memchr   0x0000000000084650       0x94 /home/molor/.arduino15/packages/arduino/tools/arm-none-eabi-gcc/4.8.3-2014q1/bin/../lib/gcc/arm-none-eabi/4.8.3/../../../../arm-none-eabi/lib/armv7-m/libc.a(lib_a-memchr-stub.o)
                0x0000000000084650                memchr
 .text._raise_r
                0x00000000000846e4       0x58 /home/molor/.arduino15/packages/arduino/tools/arm-none-eabi-gcc/4.8.3-2014q1/bin/../lib/gcc/arm-none-eabi/4.8.3/../../../../arm-none-eabi/lib/armv7-m/libc.a(lib_a-signal.o)
                0x00000000000846e4                _raise_r
 .text.raise    0x000000000008473c       0x10 /home/molor/.arduino15/packages/arduino/tools/arm-none-eabi-gcc/4.8.3-2014q1/bin/../lib/gcc/arm-none-eabi/4.8.3/../../../../arm-none-eabi/lib/armv7-m/libc.a(lib_a-signal.o)
                0x000000000008473c                raise
 .text._kill_r  0x000000000008474c       0x28 /home/molor/.arduino15/packages/arduino/tools/arm-none-eabi-gcc/4.8.3-2014q1/bin/../lib/gcc/arm-none-eabi/4.8.3/../../../../arm-none-eabi/lib/armv7-m/libc.a(lib_a-signalr.o)
                0x000000000008474c                _kill_r
 .text._getpid_r
                0x0000000000084774        0x4 /home/molor/.arduino15/packages/arduino/tools/arm-none-eabi-gcc/4.8.3-2014q1/bin/../lib/gcc/arm-none-eabi/4.8.3/../../../../arm-none-eabi/lib/armv7-m/libc.a(lib_a-signalr.o)
                0x0000000000084774                _getpid_r
 .text.__sread  0x0000000000084778       0x24 /home/molor/.arduino15/packages/arduino/tools/arm-none-eabi-gcc/4.8.3-2014q1/bin/../lib/gcc/arm-none-eabi/4.8.3/../../../../arm-none-eabi/lib/armv7-m/libc.a(lib_a-stdio.o)
                0x0000000000084778                __sread
 .text.__swrite
                0x000000000008479c       0x38 /home/molor/.arduino15/packages/arduino/tools/arm-none-eabi-gcc/4.8.3-2014q1/bin/../lib/gcc/arm-none-eabi/4.8.3/../../../../arm-none-eabi/lib/armv7-m/libc.a(lib_a-stdio.o)
                0x000000000008479c                __swrite
 .text.__sseek  0x00000000000847d4       0x20 /home/molor/.arduino15/packages/arduino/tools/arm-none-eabi-gcc/4.8.3-2014q1/bin/../lib/gcc/arm-none-eabi/4.8.3/../../../../arm-none-eabi/lib/armv7-m/libc.a(lib_a-stdio.o)
                0x00000000000847d4                __sseek
 .text.__sclose
                0x00000000000847f4        0x8 /home/molor/.arduino15/packages/arduino/tools/arm-none-eabi-gcc/4.8.3-2014q1/bin/../lib/gcc/arm-none-eabi/4.8.3/../../../../arm-none-eabi/lib/armv7-m/libc.a(lib_a-stdio.o)
                0x00000000000847f4                __sclose
 .text.__swbuf_r
                0x00000000000847fc       0xa8 /home/molor/.arduino15/packages/arduino/tools/arm-none-eabi-gcc/4.8.3-2014q1/bin/../lib/gcc/arm-none-eabi/4.8.3/../../../../arm-none-eabi/lib/armv7-m/libc.a(lib_a-wbuf.o)
                0x00000000000847fc                __swbuf_r
 .text._wcrtomb_r
                0x00000000000848a4       0x50 /home/molor/.arduino15/packages/arduino/tools/arm-none-eabi-gcc/4.8.3-2014q1/bin/../lib/gcc/arm-none-eabi/4.8.3/../../../../arm-none-eabi/lib/armv7-m/libc.a(lib_a-wcrtomb.o)
                0x00000000000848a4                _wcrtomb_r
 .text.__ascii_wctomb
                0x00000000000848f4       0x1c /home/molor/.arduino15/packages/arduino/tools/arm-none-eabi-gcc/4.8.3-2014q1/bin/../lib/gcc/arm-none-eabi/4.8.3/../../../../arm-none-eabi/lib/armv7-m/libc.a(lib_a-wctomb_r.o)
                0x00000000000848f4                __ascii_wctomb
 .text._write_r
                0x0000000000084910       0x28 /home/molor/.arduino15/packages/arduino/tools/arm-none-eabi-gcc/4.8.3-2014q1/bin/../lib/gcc/arm-none-eabi/4.8.3/../../../../arm-none-eabi/lib/armv7-m/libc.a(lib_a-writer.o)
                0x0000000000084910                _write_r
 .text.__register_exitproc
                0x0000000000084938       0xa8 /home/molor/.arduino15/packages/arduino/tools/arm-none-eabi-gcc/4.8.3-2014q1/bin/../lib/gcc/arm-none-eabi/4.8.3/../../../../arm-none-eabi/lib/armv7-m/libc.a(lib_a-__atexit.o)
                0x0000000000084938                __register_exitproc
 .text._close_r
                0x00000000000849e0       0x24 /home/molor/.arduino15/packages/arduino/tools/arm-none-eabi-gcc/4.8.3-2014q1/bin/../lib/gcc/arm-none-eabi/4.8.3/../../../../arm-none-eabi/lib/armv7-m/libc.a(lib_a-closer.o)
                0x00000000000849e0                _close_r
 .text._fclose_r
                0x0000000000084a04       0x80 /home/molor/.arduino15/packages/arduino/tools/arm-none-eabi-gcc/4.8.3-2014q1/bin/../lib/gcc/arm-none-eabi/4.8.3/../../../../arm-none-eabi/lib/armv7-m/libc.a(lib_a-fclose.o)
                0x0000000000084a04                _fclose_r
 .text.fclose   0x0000000000084a84       0x10 /home/molor/.arduino15/packages/arduino/tools/arm-none-eabi-gcc/4.8.3-2014q1/bin/../lib/gcc/arm-none-eabi/4.8.3/../../../../arm-none-eabi/lib/armv7-m/libc.a(lib_a-fclose.o)
                0x0000000000084a84                fclose
 .text._fstat_r
                0x0000000000084a94       0x28 /home/molor/.arduino15/packages/arduino/tools/arm-none-eabi-gcc/4.8.3-2014q1/bin/../lib/gcc/arm-none-eabi/4.8.3/../../../../arm-none-eabi/lib/armv7-m/libc.a(lib_a-fstatr.o)
                0x0000000000084a94                _fstat_r
 .text._isatty_r
                0x0000000000084abc       0x24 /home/molor/.arduino15/packages/arduino/tools/arm-none-eabi-gcc/4.8.3-2014q1/bin/../lib/gcc/arm-none-eabi/4.8.3/../../../../arm-none-eabi/lib/armv7-m/libc.a(lib_a-isattyr.o)
                0x0000000000084abc                _isatty_r
 .text._lseek_r
                0x0000000000084ae0       0x28 /home/molor/.arduino15/packages/arduino/tools/arm-none-eabi-gcc/4.8.3-2014q1/bin/../lib/gcc/arm-none-eabi/4.8.3/../../../../arm-none-eabi/lib/armv7-m/libc.a(lib_a-lseekr.o)
                0x0000000000084ae0                _lseek_r
 .text._read_r  0x0000000000084b08       0x28 /home/molor/.arduino15/packages/arduino/tools/arm-none-eabi-gcc/4.8.3-2014q1/bin/../lib/gcc/arm-none-eabi/4.8.3/../../../../arm-none-eabi/lib/armv7-m/libc.a(lib_a-readr.o)
                0x0000000000084b08                _read_r
 .text          0x0000000000084b30       0x2c /home/molor/.arduino15/packages/arduino/tools/arm-none-eabi-gcc/4.8.3-2014q1/bin/../lib/gcc/arm-none-eabi/4.8.3/armv7-m/libgcc.a(_aeabi_uldivmod.o)
                0x0000000000084b30                __aeabi_uldivmod
 .text          0x0000000000084b5c       0x60 /home/molor/.arduino15/packages/arduino/tools/arm-none-eabi-gcc/4.8.3-2014q1/bin/../lib/gcc/arm-none-eabi/4.8.3/armv7-m/libgcc.a(bpabi.o)
                0x0000000000084b5c                __gnu_ldivmod_helper
                0x0000000000084b8c                __gnu_uldivmod_helper
 .text          0x0000000000084bbc        0x4 /home/molor/.arduino15/packages/arduino/tools/arm-none-eabi-gcc/4.8.3-2014q1/bin/../lib/gcc/arm-none-eabi/4.8.3/armv7-m/libgcc.a(_dvmd_tls.o)
                0x0000000000084bbc                __aeabi_ldiv0
                0x0000000000084bbc                __aeabi_idiv0
 .text          0x0000000000084bc0      0x2a0 /home/molor/.arduino15/packages/arduino/tools/arm-none-eabi-gcc/4.8.3-2014q1/bin/../lib/gcc/arm-none-eabi/4.8.3/armv7-m/libgcc.a(_divdi3.o)
                0x0000000000084bc0                __divdi3
 .text          0x0000000000084e60      0x290 /home/molor/.arduino15/packages/arduino/tools/arm-none-eabi-gcc/4.8.3-2014q1/bin/../lib/gcc/arm-none-eabi/4.8.3/armv7-m/libgcc.a(_udivdi3.o)
                0x0000000000084e60                __udivdi3
 *(.glue_7t)
 .glue_7t       0x0000000000000000        0x0 linker stubs
 *(.glue_7)
 .glue_7        0x0000000000000000        0x0 linker stubs
 *(.rodata .rodata* .gnu.linkonce.r.*)
 .rodata._ZL14WHEEL_PIN_DIRS
                0x00000000000850f0        0xc /home/molor/.var/app/cc.arduino.IDE2/cache/arduino/sketches/68E868DF008B98E05691A45E7E5F9D25/sketch/omni-robot.ino.cpp.o
 .rodata._ZL14WHEEL_FORWARDS
                0x00000000000850fc        0x3 /home/molor/.var/app/cc.arduino.IDE2/cache/arduino/sketches/68E868DF008B98E05691A45E7E5F9D25/sketch/omni-robot.ino.cpp.o
 *fill*         0x00000000000850ff        0x1 
 .rodata._ZL14WHEEL_PIN_PWMS
                0x0000000000085100        0xc /home/molor/.var/app/cc.arduino.IDE2/cache/arduino/sketches/68E868DF008B98E05691A45E7E5F9D25/sketch/omni-robot.ino.cpp.o
 .rodata.g_APinDescription
                0x000000000008510c      0xa2c /home/molor/.var/app/cc.arduino.IDE2/cache/arduino/sketches/68E868DF008B98E05691A45E7E5F9D25/core/variant.cpp.o
                0x000000000008510c                g_APinDescription
 .rodata        0x0000000000085b38       0x40 /home/molor/.arduino15/packages/arduino/hardware/sam/1.6.12/variants/arduino_due_x/libsam_sam3x8e_gcc_rel.a(adc.o)
 .rodata._ZTV9UARTClass
                0x0000000000085b78       0x30 /home/molor/.var/app/cc.arduino.IDE2/cache/arduino/sketches/68E868DF008B98E05691A45E7E5F9D25/../../cores/arduino_sam_arduino_due_x_7cf5793b9b2481f268e61513d382d7e3/core.a(UARTClass.cpp.o)
                0x0000000000085b78                vtable for UARTClass
 .rodata._ZTV10USARTClass
                0x0000000000085ba8       0x30 /home/molor/.var/app/cc.arduino.IDE2/cache/arduino/sketches/68E868DF008B98E05691A45E7E5F9D25/../../cores/arduino_sam_arduino_due_x_7cf5793b9b2481f268e61513d382d7e3/core.a(USARTClass.cpp.o)
                0x0000000000085ba8                vtable for USARTClass
 .rodata.channelToId.9433
                0x0000000000085bd8       0x48 /home/molor/.var/app/cc.arduino.IDE2/cache/arduino/sketches/68E868DF008B98E05691A45E7E5F9D25/../../cores/arduino_sam_arduino_due_x_7cf5793b9b2481f268e61513d382d7e3/core.a(wiring_analog.c.o)
 .rodata.channelToTC.9432
                0x0000000000085c20       0x48 /home/molor/.var/app/cc.arduino.IDE2/cache/arduino/sketches/68E868DF008B98E05691A45E7E5F9D25/../../cores/arduino_sam_arduino_due_x_7cf5793b9b2481f268e61513d382d7e3/core.a(wiring_analog.c.o)
 .rodata.channelToChNo.9430
                0x0000000000085c68       0x48 /home/molor/.var/app/cc.arduino.IDE2/cache/arduino/sketches/68E868DF008B98E05691A45E7E5F9D25/../../cores/arduino_sam_arduino_due_x_7cf5793b9b2481f268e61513d382d7e3/core.a(wiring_analog.c.o)
 .rodata.channelToAB.9431
                0x0000000000085cb0       0x48 /home/molor/.var/app/cc.arduino.IDE2/cache/arduino/sketches/68E868DF008B98E05691A45E7E5F9D25/../../cores/arduino_sam_arduino_due_x_7cf5793b9b2481f268e61513d382d7e3/core.a(wiring_analog.c.o)
 .rodata.STRING_PRODUCT
                0x0000000000085cf8        0xc /home/molor/.var/app/cc.arduino.IDE2/cache/arduino/sketches/68E868DF008B98E05691A45E7E5F9D25/../../cores/arduino_sam_arduino_due_x_7cf5793b9b2481f268e61513d382d7e3/core.a(USBCore.cpp.o)
                0x0000000000085cf8                STRING_PRODUCT
 .rodata.USB_DeviceDescriptor
                0x0000000000085d04       0x12 /home/molor/.var/app/cc.arduino.IDE2/cache/arduino/sketches/68E868DF008B98E05691A45E7E5F9D25/../../cores/arduino_sam_arduino_due_x_7cf5793b9b2481f268e61513d382d7e3/core.a(USBCore.cpp.o)
                0x0000000000085d04                USB_DeviceDescriptor
 .rodata.STRING_LANGUAGE
                0x0000000000085d16        0x4 /home/molor/.var/app/cc.arduino.IDE2/cache/arduino/sketches/68E868DF008B98E05691A45E7E5F9D25/../../cores/arduino_sam_arduino_due_x_7cf5793b9b2481f268e61513d382d7e3/core.a(USBCore.cpp.o)
                0x0000000000085d16                STRING_LANGUAGE
 .rodata._ZL18test_packet_buffer
                0x0000000000085d1a       0x35 /home/molor/.var/app/cc.arduino.IDE2/cache/arduino/sketches/68E868DF008B98E05691A45E7E5F9D25/../../cores/arduino_sam_arduino_due_x_7cf5793b9b2481f268e61513d382d7e3/core.a(USBCore.cpp.o)
 .rodata.STRING_MANUFACTURER
                0x0000000000085d4f        0xc /home/molor/.var/app/cc.arduino.IDE2/cache/arduino/sketches/68E868DF008B98E05691A45E7E5F9D25/../../cores/arduino_sam_arduino_due_x_7cf5793b9b2481f268e61513d382d7e3/core.a(USBCore.cpp.o)
                0x0000000000085d4f                STRING_MANUFACTURER
 .rodata.USB_DeviceDescriptorA
                0x0000000000085d5b       0x12 /home/molor/.var/app/cc.arduino.IDE2/cache/arduino/sketches/68E868DF008B98E05691A45E7E5F9D25/../../cores/arduino_sam_arduino_due_x_7cf5793b9b2481f268e61513d382d7e3/core.a(USBCore.cpp.o)
                0x0000000000085d5b                USB_DeviceDescriptorA
 .rodata._ZL19USB_DeviceQualifier
                0x0000000000085d6d        0x9 /home/molor/.var/app/cc.arduino.IDE2/cache/arduino/sketches/68E868DF008B98E05691A45E7E5F9D25/../../cores/arduino_sam_arduino_due_x_7cf5793b9b2481f268e61513d382d7e3/core.a(USBCore.cpp.o)
 *fill*         0x0000000000085d76        0x2 
 .rodata._ZTV7Serial_
                0x0000000000085d78       0x28 /home/molor/.var/app/cc.arduino.IDE2/cache/arduino/sketches/68E868DF008B98E05691A45E7E5F9D25/../../cores/arduino_sam_arduino_due_x_7cf5793b9b2481f268e61513d382d7e3/core.a(CDC.cpp.o)
                0x0000000000085d78                vtable for Serial_
 .rodata._ZL18_cdcOtherInterface
                0x0000000000085da0       0x42 /home/molor/.var/app/cc.arduino.IDE2/cache/arduino/sketches/68E868DF008B98E05691A45E7E5F9D25/../../cores/arduino_sam_arduino_due_x_7cf5793b9b2481f268e61513d382d7e3/core.a(CDC.cpp.o)
 .rodata._ZL13_cdcInterface
                0x0000000000085de2       0x42 /home/molor/.var/app/cc.arduino.IDE2/cache/arduino/sketches/68E868DF008B98E05691A45E7E5F9D25/../../cores/arduino_sam_arduino_due_x_7cf5793b9b2481f268e61513d382d7e3/core.a(CDC.cpp.o)
 .rodata        0x0000000000085e24       0x2c /home/molor/.arduino15/packages/arduino/hardware/sam/1.6.12/variants/arduino_due_x/libsam_sam3x8e_gcc_rel.a(pwmc.o)
 .rodata.__func__.6830
                0x0000000000085e50       0x15 /home/molor/.arduino15/packages/arduino/hardware/sam/1.6.12/variants/arduino_due_x/libsam_sam3x8e_gcc_rel.a(pwmc.o)
 .rodata.__func__.6841
                0x0000000000085e65       0x12 /home/molor/.arduino15/packages/arduino/hardware/sam/1.6.12/variants/arduino_due_x/libsam_sam3x8e_gcc_rel.a(pwmc.o)
 .rodata.str1.1
                0x0000000000085e77      0x1cc /home/molor/.arduino15/packages/arduino/hardware/sam/1.6.12/variants/arduino_due_x/libsam_sam3x8e_gcc_rel.a(pwmc.o)
 .rodata.__func__.6804
                0x0000000000086043       0x16 /home/molor/.arduino15/packages/arduino/hardware/sam/1.6.12/variants/arduino_due_x/libsam_sam3x8e_gcc_rel.a(pwmc.o)
 .rodata.__func__.6793
                0x0000000000086059       0x17 /home/molor/.arduino15/packages/arduino/hardware/sam/1.6.12/variants/arduino_due_x/libsam_sam3x8e_gcc_rel.a(pwmc.o)
 .rodata.__func__.6792
                0x0000000000086070        0xd /home/molor/.arduino15/packages/arduino/hardware/sam/1.6.12/variants/arduino_due_x/libsam_sam3x8e_gcc_rel.a(tc.o)
 .rodata.str1.1
                0x000000000008607d       0x54 /home/molor/.arduino15/packages/arduino/hardware/sam/1.6.12/variants/arduino_due_x/libsam_sam3x8e_gcc_rel.a(tc.o)
 .rodata.__func__.6798
                0x00000000000860d1        0x9 /home/molor/.arduino15/packages/arduino/hardware/sam/1.6.12/variants/arduino_due_x/libsam_sam3x8e_gcc_rel.a(tc.o)
 *fill*         0x00000000000860da        0x2 
 .rodata.str1.4
                0x00000000000860dc       0x3f /home/molor/.arduino15/packages/arduino/tools/arm-none-eabi-gcc/4.8.3-2014q1/bin/../lib/gcc/arm-none-eabi/4.8.3/../../../../arm-none-eabi/lib/armv7-m/libc.a(lib_a-assert.o)
                                         0x44 (size before relaxing)
 *fill*         0x000000000008611b        0x1 
 .rodata.str1.4
                0x000000000008611c        0x2 /home/molor/.arduino15/packages/arduino/tools/arm-none-eabi-gcc/4.8.3-2014q1/bin/../lib/gcc/arm-none-eabi/4.8.3/../../../../arm-none-eabi/lib/armv7-m/libc.a(lib_a-impure.o)
                                          0x4 (size before relaxing)
 *fill*         0x000000000008611e        0x2 
 .rodata._global_impure_ptr
                0x0000000000086120        0x4 /home/molor/.arduino15/packages/arduino/tools/arm-none-eabi-gcc/4.8.3-2014q1/bin/../lib/gcc/arm-none-eabi/4.8.3/../../../../arm-none-eabi/lib/armv7-m/libc.a(lib_a-impure.o)
                0x0000000000086120                _global_impure_ptr
 .rodata.blanks.6717
                0x0000000000086124       0x10 /home/molor/.arduino15/packages/arduino/tools/arm-none-eabi-gcc/4.8.3-2014q1/bin/../lib/gcc/arm-none-eabi/4.8.3/../../../../arm-none-eabi/lib/armv7-m/libc.a(lib_a-vfiprintf.o)
 .rodata.str1.4
                0x0000000000086134       0x30 /home/molor/.arduino15/packages/arduino/tools/arm-none-eabi-gcc/4.8.3-2014q1/bin/../lib/gcc/arm-none-eabi/4.8.3/../../../../arm-none-eabi/lib/armv7-m/libc.a(lib_a-vfiprintf.o)
 .rodata.zeroes.6718
                0x0000000000086164       0x10 /home/molor/.arduino15/packages/arduino/tools/arm-none-eabi-gcc/4.8.3-2014q1/bin/../lib/gcc/arm-none-eabi/4.8.3/../../../../arm-none-eabi/lib/armv7-m/libc.a(lib_a-vfiprintf.o)
 *(.ARM.extab* .gnu.linkonce.armextab.*)
                0x0000000000086174                . = ALIGN (0x4)
 *(.init)
 .init          0x0000000000086174        0x4 /home/molor/.arduino15/packages/arduino/tools/arm-none-eabi-gcc/4.8.3-2014q1/bin/../lib/gcc/arm-none-eabi/4.8.3/armv7-m/crti.o
                0x0000000000086174                _init
 .init          0x0000000000086178        0x8 /home/molor/.arduino15/packages/arduino/tools/arm-none-eabi-gcc/4.8.3-2014q1/bin/../lib/gcc/arm-none-eabi/4.8.3/armv7-m/crtn.o
                0x0000000000086180                . = ALIGN (0x4)
                0x0000000000086180                __preinit_array_start = .
 *(.preinit_array)
                0x0000000000086180                __preinit_array_end = .
                0x0000000000086180                . = ALIGN (0x4)
                0x0000000000086180                __init_array_start = .
 *(SORT(.init_array.*))
 .init_array.00000
                0x0000000000086180        0x4 /home/molor/.arduino15/packages/arduino/tools/arm-none-eabi-gcc/4.8.3-2014q1/bin/../lib/gcc/arm-none-eabi/4.8.3/../../../../arm-none-eabi/lib/armv7-m/libc.a(lib_a-__call_atexit.o)
 *(.init_array)
 .init_array    0x0000000000086184        0x4 /home/molor/.arduino15/packages/arduino/tools/arm-none-eabi-gcc/4.8.3-2014q1/bin/../lib/gcc/arm-none-eabi/4.8.3/armv7-m/crtbegin.o
 .init_array    0x0000000000086188        0x4 /home/molor/.var/app/cc.arduino.IDE2/cache/arduino/sketches/68E868DF008B98E05691A45E7E5F9D25/core/variant.cpp.o
 .init_array    0x000000000008618c        0x4 /home/molor/.var/app/cc.arduino.IDE2/cache/arduino/sketches/68E868DF008B98E05691A45E7E5F9D25/../../cores/arduino_sam_arduino_due_x_7cf5793b9b2481f268e61513d382d7e3/core.a(USBCore.cpp.o)
 .init_array    0x0000000000086190        0x4 /home/molor/.var/app/cc.arduino.IDE2/cache/arduino/sketches/68E868DF008B98E05691A45E7E5F9D25/../../cores/arduino_sam_arduino_due_x_7cf5793b9b2481f268e61513d382d7e3/core.a(CDC.cpp.o)
                0x0000000000086194                __init_array_end = .
                0x0000000000086194                . = ALIGN (0x4)
 *crtbegin.o(.ctors)
 *(EXCLUDE_FILE(*crtend.o) .ctors)
 *(SORT(.ctors.*))
 *crtend.o(.ctors)
                0x0000000000086194                . = ALIGN (0x4)
 *(.fini)
 .fini          0x0000000000086194        0x4 /home/molor/.arduino15/packages/arduino/tools/arm-none-eabi-gcc/4.8.3-2014q1/bin/../lib/gcc/arm-none-eabi/4.8.3/armv7-m/crti.o
                0x0000000000086194                _fini
 .fini          0x0000000000086198        0x8 /home/molor/.arduino15/packages/arduino/tools/arm-none-eabi-gcc/4.8.3-2014q1/bin/../lib/gcc/arm-none-eabi/4.8.3/armv7-m/crtn.o
                0x00000000000861a0                . = ALIGN (0x4)
                0x00000000000861a0                __fini_array_start = .
 *(.fini_array)
 .fini_array    0x00000000000861a0        0x4 /home/molor/.arduino15/packages/arduino/tools/arm-none-eabi-gcc/4.8.3-2014q1/bin/../lib/gcc/arm-none-eabi/4.8.3/armv7-m/crtbegin.o
 *(SORT(.fini_array.*))
                0x00000000000861a4                __fini_array_end = .
 *crtbegin.o(.dtors)
 *(EXCLUDE_FILE(*crtend.o) .dtors)
 *(SORT(.dtors.*))
 *crtend.o(.dtors)
                0x00000000000861a4                . = ALIGN (0x4)
                0x00000000000861a4                _efixed = .
                0x00000000000861a4                PROVIDE (__exidx_start, .)

.vfp11_veneer   0x00000000000861a4        0x0
 .vfp11_veneer  0x0000000000000000        0x0 linker stubs

.v4_bx          0x00000000000861a4        0x0
 .v4_bx         0x0000000000000000        0x0 linker stubs

.iplt           0x00000000000861a4        0x0
 .iplt          0x0000000000000000        0x0 /home/molor/.arduino15/packages/arduino/tools/arm-none-eabi-gcc/4.8.3-2014q1/bin/../lib/gcc/arm-none-eabi/4.8.3/armv7-m/crtbegin.o

.ARM.exidx      0x00000000000861a4        0x8
 *(.ARM.exidx* .gnu.linkonce.armexidx.*)
 .ARM.exidx     0x00000000000861a4        0x8 /home/molor/.arduino15/packages/arduino/tools/arm-none-eabi-gcc/4.8.3-2014q1/bin/../lib/gcc/arm-none-eabi/4.8.3/armv7-m/libgcc.a(_divdi3.o)
 .ARM.exidx     0x00000000000861ac        0x0 /home/molor/.arduino15/packages/arduino/tools/arm-none-eabi-gcc/4.8.3-2014q1/bin/../lib/gcc/arm-none-eabi/4.8.3/armv7-m/libgcc.a(_udivdi3.o)
                                          0x8 (size before relaxing)
                0x00000000000861ac                PROVIDE (__exidx_end, .)

.eh_frame       0x00000000000861ac        0x0
 .eh_frame      0x00000000000861ac        0x0 /home/molor/.arduino15/packages/arduino/tools/arm-none-eabi-gcc/4.8.3-2014q1/bin/../lib/gcc/arm-none-eabi/4.8.3/armv7-m/crtbegin.o

.rel.dyn        0x00000000000861ac        0x0
 .rel.iplt      0x0000000000000000        0x0 /home/molor/.arduino15/packages/arduino/tools/arm-none-eabi-gcc/4.8.3-2014q1/bin/../lib/gcc/arm-none-eabi/4.8.3/armv7-m/crtbegin.o

.jcr            0x00000000000861ac        0x0
 .jcr           0x00000000000861ac        0x0 /home/molor/.arduino15/packages/arduino/tools/arm-none-eabi-gcc/4.8.3-2014q1/bin/../lib/gcc/arm-none-eabi/4.8.3/armv7-m/crtbegin.o

.igot.plt       0x00000000000861ac        0x0
 .igot.plt      0x0000000000000000        0x0 /home/molor/.arduino15/packages/arduino/tools/arm-none-eabi-gcc/4.8.3-2014q1/bin/../lib/gcc/arm-none-eabi/4.8.3/armv7-m/crtbegin.o
                0x00000000000861ac                . = ALIGN (0x4)
                0x00000000000861ac                _etext = .

.relocate       0x0000000020070000      0x8d4 load address 0x00000000000861ac
                0x0000000020070000                . = ALIGN (0x4)
                0x0000000020070000                _srelocate = .
 *(.ramfunc .ramfunc.*)
 .ramfunc       0x0000000020070000       0x2c /home/molor/.var/app/cc.arduino.IDE2/cache/arduino/sketches/68E868DF008B98E05691A45E7E5F9D25/../../cores/arduino_sam_arduino_due_x_7cf5793b9b2481f268e61513d382d7e3/core.a(Reset.cpp.o)
                0x0000000020070000                banzai
 *(.data .data.*)
 .data.SystemCoreClock
                0x000000002007002c        0x4 /home/molor/.arduino15/packages/arduino/hardware/sam/1.6.12/variants/arduino_due_x/libsam_sam3x8e_gcc_rel.a(system_sam3xa.o)
                0x000000002007002c                SystemCoreClock
 .data._writeResolution
                0x0000000020070030        0x4 /home/molor/.var/app/cc.arduino.IDE2/cache/arduino/sketches/68E868DF008B98E05691A45E7E5F9D25/../../cores/arduino_sam_arduino_due_x_7cf5793b9b2481f268e61513d382d7e3/core.a(wiring_analog.c.o)
 .data._ZL5ticks
                0x0000000020070034        0x4 /home/molor/.var/app/cc.arduino.IDE2/cache/arduino/sketches/68E868DF008B98E05691A45E7E5F9D25/../../cores/arduino_sam_arduino_due_x_7cf5793b9b2481f268e61513d382d7e3/core.a(Reset.cpp.o)
 .data.EndPoints
                0x0000000020070038       0x28 /home/molor/.var/app/cc.arduino.IDE2/cache/arduino/sketches/68E868DF008B98E05691A45E7E5F9D25/../../cores/arduino_sam_arduino_due_x_7cf5793b9b2481f268e61513d382d7e3/core.a(USBCore.cpp.o)
                0x0000000020070038                EndPoints
 .data._ZL10breakValue
                0x0000000020070060        0x4 /home/molor/.var/app/cc.arduino.IDE2/cache/arduino/sketches/68E868DF008B98E05691A45E7E5F9D25/../../cores/arduino_sam_arduino_due_x_7cf5793b9b2481f268e61513d382d7e3/core.a(CDC.cpp.o)
 .data._ZL12_usbLineInfo
                0x0000000020070064        0x8 /home/molor/.var/app/cc.arduino.IDE2/cache/arduino/sketches/68E868DF008B98E05691A45E7E5F9D25/../../cores/arduino_sam_arduino_due_x_7cf5793b9b2481f268e61513d382d7e3/core.a(CDC.cpp.o)
 .data.g_interrupt_enabled
                0x000000002007006c        0x4 /home/molor/.arduino15/packages/arduino/hardware/sam/1.6.12/variants/arduino_due_x/libsam_sam3x8e_gcc_rel.a(interrupt_sam_nvic.o)
                0x000000002007006c                g_interrupt_enabled
 .data.impure_data
                0x0000000020070070      0x428 /home/molor/.arduino15/packages/arduino/tools/arm-none-eabi-gcc/4.8.3-2014q1/bin/../lib/gcc/arm-none-eabi/4.8.3/../../../../arm-none-eabi/lib/armv7-m/libc.a(lib_a-impure.o)
 .data._impure_ptr
                0x0000000020070498        0x4 /home/molor/.arduino15/packages/arduino/tools/arm-none-eabi-gcc/4.8.3-2014q1/bin/../lib/gcc/arm-none-eabi/4.8.3/../../../../arm-none-eabi/lib/armv7-m/libc.a(lib_a-impure.o)
                0x0000000020070498                _impure_ptr
 .data.__malloc_av_
                0x000000002007049c      0x408 /home/molor/.arduino15/packages/arduino/tools/arm-none-eabi-gcc/4.8.3-2014q1/bin/../lib/gcc/arm-none-eabi/4.8.3/../../../../arm-none-eabi/lib/armv7-m/libc.a(lib_a-mallocr.o)
                0x000000002007049c                __malloc_av_
 .data.__malloc_trim_threshold
                0x00000000200708a4        0x4 /home/molor/.arduino15/packages/arduino/tools/arm-none-eabi-gcc/4.8.3-2014q1/bin/../lib/gcc/arm-none-eabi/4.8.3/../../../../arm-none-eabi/lib/armv7-m/libc.a(lib_a-mallocr.o)
                0x00000000200708a4                __malloc_trim_threshold
 .data.__malloc_sbrk_base
                0x00000000200708a8        0x4 /home/molor/.arduino15/packages/arduino/tools/arm-none-eabi-gcc/4.8.3-2014q1/bin/../lib/gcc/arm-none-eabi/4.8.3/../../../../arm-none-eabi/lib/armv7-m/libc.a(lib_a-mallocr.o)
                0x00000000200708a8                __malloc_sbrk_base
 .data.lc_ctype_charset
                0x00000000200708ac       0x20 /home/molor/.arduino15/packages/arduino/tools/arm-none-eabi-gcc/4.8.3-2014q1/bin/../lib/gcc/arm-none-eabi/4.8.3/../../../../arm-none-eabi/lib/armv7-m/libc.a(lib_a-locale.o)
 .data.__mb_cur_max
                0x00000000200708cc        0x4 /home/molor/.arduino15/packages/arduino/tools/arm-none-eabi-gcc/4.8.3-2014q1/bin/../lib/gcc/arm-none-eabi/4.8.3/../../../../arm-none-eabi/lib/armv7-m/libc.a(lib_a-locale.o)
                0x00000000200708cc                __mb_cur_max
 .data.__wctomb
                0x00000000200708d0        0x4 /home/molor/.arduino15/packages/arduino/tools/arm-none-eabi-gcc/4.8.3-2014q1/bin/../lib/gcc/arm-none-eabi/4.8.3/../../../../arm-none-eabi/lib/armv7-m/libc.a(lib_a-wctomb_r.o)
                0x00000000200708d0                __wctomb
                0x00000000200708d4                . = ALIGN (0x4)
                0x00000000200708d4                _erelocate = .

.bss            0x00000000200708d4      0xa34 load address 0x0000000000086a80
                0x00000000200708d4                . = ALIGN (0x4)
                0x00000000200708d4                _sbss = .
                0x00000000200708d4                _szero = .
 *(.bss .bss.*)
 .bss           0x00000000200708d4       0x1c /home/molor/.arduino15/packages/arduino/tools/arm-none-eabi-gcc/4.8.3-2014q1/bin/../lib/gcc/arm-none-eabi/4.8.3/armv7-m/crtbegin.o
 .bss.tx_buffer2
                0x00000000200708f0       0x88 /home/molor/.var/app/cc.arduino.IDE2/cache/arduino/sketches/68E868DF008B98E05691A45E7E5F9D25/core/variant.cpp.o
                0x00000000200708f0                tx_buffer2
 .bss.tx_buffer1
                0x0000000020070978       0x88 /home/molor/.var/app/cc.arduino.IDE2/cache/arduino/sketches/68E868DF008B98E05691A45E7E5F9D25/core/variant.cpp.o
                0x0000000020070978                tx_buffer1
 .bss.Serial    0x0000000020070a00       0x24 /home/molor/.var/app/cc.arduino.IDE2/cache/arduino/sketches/68E868DF008B98E05691A45E7E5F9D25/core/variant.cpp.o
                0x0000000020070a00                Serial
 .bss.rx_buffer1
                0x0000000020070a24       0x88 /home/molor/.var/app/cc.arduino.IDE2/cache/arduino/sketches/68E868DF008B98E05691A45E7E5F9D25/core/variant.cpp.o
                0x0000000020070a24                rx_buffer1
 .bss.Serial1   0x0000000020070aac       0x28 /home/molor/.var/app/cc.arduino.IDE2/cache/arduino/sketches/68E868DF008B98E05691A45E7E5F9D25/core/variant.cpp.o
                0x0000000020070aac                Serial1
 .bss.Serial2   0x0000000020070ad4       0x28 /home/molor/.var/app/cc.arduino.IDE2/cache/arduino/sketches/68E868DF008B98E05691A45E7E5F9D25/core/variant.cpp.o
                0x0000000020070ad4                Serial2
 .bss.Serial3   0x0000000020070afc       0x28 /home/molor/.var/app/cc.arduino.IDE2/cache/arduino/sketches/68E868DF008B98E05691A45E7E5F9D25/core/variant.cpp.o
                0x0000000020070afc                Serial3
 .bss.tx_buffer3
                0x0000000020070b24       0x88 /home/molor/.var/app/cc.arduino.IDE2/cache/arduino/sketches/68E868DF008B98E05691A45E7E5F9D25/core/variant.cpp.o
                0x0000000020070b24                tx_buffer3
 .bss.tx_buffer4
                0x0000000020070bac       0x88 /home/molor/.var/app/cc.arduino.IDE2/cache/arduino/sketches/68E868DF008B98E05691A45E7E5F9D25/core/variant.cpp.o
                0x0000000020070bac                tx_buffer4
 .bss.g_pinStatus
                0x0000000020070c34       0x4f /home/molor/.var/app/cc.arduino.IDE2/cache/arduino/sketches/68E868DF008B98E05691A45E7E5F9D25/core/variant.cpp.o
                0x0000000020070c34                g_pinStatus
 *fill*         0x0000000020070c83        0x1 
 .bss.rx_buffer2
                0x0000000020070c84       0x88 /home/molor/.var/app/cc.arduino.IDE2/cache/arduino/sketches/68E868DF008B98E05691A45E7E5F9D25/core/variant.cpp.o
                0x0000000020070c84                rx_buffer2
 .bss.rx_buffer3
                0x0000000020070d0c       0x88 /home/molor/.var/app/cc.arduino.IDE2/cache/arduino/sketches/68E868DF008B98E05691A45E7E5F9D25/core/variant.cpp.o
                0x0000000020070d0c                rx_buffer3
 .bss.rx_buffer4